Component: ARM Compiler 5.06 update 6 (build 750) Tool: armlink [4d35ed]

==============================================================================

Section Cross References

    startup_stm32f10x_hd.o(RESET) refers to startup_stm32f10x_hd.o(STACK) for __initial_sp
    startup_stm32f10x_hd.o(RESET) refers to startup_stm32f10x_hd.o(.text) for Reset_Handler
    startup_stm32f10x_hd.o(RESET) refers to stm32f10x_it.o(.text) for NMI_Handler
    startup_stm32f10x_hd.o(RESET) refers to control.o(.text) for TIM5_IRQHandler
    startup_stm32f10x_hd.o(.text) refers to system_stm32f10x.o(.text) for SystemInit
    startup_stm32f10x_hd.o(.text) refers to entry.o(.ARM.Collect$$$$00000000) for __main
    system_stm32f10x.o(.text) refers to system_stm32f10x.o(.data) for SystemCoreClock
    stm32f10x_adc.o(.text) refers to stm32f10x_rcc.o(.text) for RCC_APB2PeriphResetCmd
    stm32f10x_bkp.o(.text) refers to stm32f10x_rcc.o(.text) for RCC_BackupResetCmd
    stm32f10x_can.o(.text) refers to stm32f10x_rcc.o(.text) for RCC_APB1PeriphResetCmd
    stm32f10x_cec.o(.text) refers to stm32f10x_rcc.o(.text) for RCC_APB1PeriphResetCmd
    stm32f10x_dac.o(.text) refers to stm32f10x_rcc.o(.text) for RCC_APB1PeriphResetCmd
    stm32f10x_gpio.o(.text) refers to stm32f10x_rcc.o(.text) for RCC_APB2PeriphResetCmd
    stm32f10x_i2c.o(.text) refers to stm32f10x_rcc.o(.text) for RCC_APB1PeriphResetCmd
    stm32f10x_pwr.o(.text) refers to stm32f10x_rcc.o(.text) for RCC_APB1PeriphResetCmd
    stm32f10x_rcc.o(.text) refers to stm32f10x_rcc.o(.data) for APBAHBPrescTable
    stm32f10x_spi.o(.text) refers to stm32f10x_rcc.o(.text) for RCC_APB2PeriphResetCmd
    stm32f10x_tim.o(.text) refers to stm32f10x_rcc.o(.text) for RCC_APB2PeriphResetCmd
    stm32f10x_usart.o(.text) refers to stm32f10x_rcc.o(.text) for RCC_APB2PeriphResetCmd
    stm32f10x_wwdg.o(.text) refers to stm32f10x_rcc.o(.text) for RCC_APB1PeriphResetCmd
    main.o(.text) refers to misc.o(.text) for NVIC_PriorityGroupConfig
    main.o(.text) refers to bsp_oled.o(.text) for OLED_Init
    main.o(.text) refers to pstwo.o(.text) for PS2_Init
    main.o(.text) refers to bsp_motor.o(.text) for Motor_Init
    main.o(.text) refers to control.o(.text) for Car_Perimeter_Init
    main.o(.text) refers to bsp_generaltim.o(.text) for TIMING_TIM_Init
    main.o(.text) refers to show.o(.text) for Show
    main.o(.text) refers to main.o(.data) for Car_Num
    stm32f10x_it.o(.text) refers to bsp_systick.o(.text) for TimingDelay_Decrement
    bsp_systick.o(.text) refers to system_stm32f10x.o(.data) for SystemCoreClock
    bsp_systick.o(.text) refers to bsp_systick.o(.data) for TimingDelay
    bsp_generaltim.o(.text) refers to stm32f10x_rcc.o(.text) for RCC_APB2PeriphClockCmd
    bsp_generaltim.o(.text) refers to stm32f10x_gpio.o(.text) for GPIO_Init
    bsp_generaltim.o(.text) refers to stm32f10x_tim.o(.text) for TIM_TimeBaseInit
    bsp_generaltim.o(.text) refers to misc.o(.text) for NVIC_Init
    bsp_motor.o(.text) refers to bsp_generaltim.o(.text) for PWM_OutPut_TIM_Init
    bsp_motor.o(.text) refers to stm32f10x_rcc.o(.text) for RCC_APB2PeriphClockCmd
    bsp_motor.o(.text) refers to stm32f10x_gpio.o(.text) for GPIO_Init
    bsp_motor.o(.text) refers to stm32f10x_tim.o(.text) for TIM_TimeBaseInit
    bsp_motor.o(.text) refers to f2d.o(.text) for __aeabi_f2d
    bsp_motor.o(.text) refers to ddiv.o(.text) for __aeabi_ddiv
    bsp_motor.o(.text) refers to dmul.o(.text) for __aeabi_dmul
    bsp_motor.o(.text) refers to dfixi.o(.text) for __aeabi_d2iz
    bsp_motor.o(.text) refers to control.o(.data) for Servo_PWM
    bsp_motor.o(.text) refers to main.o(.data) for Car_Num
    bsp_oled.o(.text) refers to bsp_beep.o(.text) for JTAG_Set
    bsp_oled.o(.text) refers to stm32f10x_rcc.o(.text) for RCC_APB2PeriphClockCmd
    bsp_oled.o(.text) refers to stm32f10x_gpio.o(.text) for GPIO_Init
    bsp_oled.o(.text) refers to bsp_systick.o(.text) for SysTick_Delay_Ms
    bsp_oled.o(.text) refers to bsp_oled.o(.bss) for OLED_GRAM
    bsp_oled.o(.text) refers to bsp_oled.o(.constdata) for oled_asc2_1206
    pstwo.o(.text) refers to stm32f10x_rcc.o(.text) for RCC_APB2PeriphClockCmd
    pstwo.o(.text) refers to stm32f10x_gpio.o(.text) for GPIO_Init
    pstwo.o(.text) refers to bsp_systick.o(.text) for SysTick_Delay_Us
    pstwo.o(.text) refers to pstwo.o(.bss) for Data
    pstwo.o(.text) refers to pstwo.o(.data) for Comd
    pstwo.o(.text) refers to main.o(.data) for PS2_ON_Flag
    pstwo.o(.text) refers to control.o(.data) for RC_Velocity
    bsp_beep.o(.text) refers to stm32f10x_rcc.o(.text) for RCC_APB2PeriphClockCmd
    bsp_beep.o(.text) refers to stm32f10x_gpio.o(.text) for GPIO_Init
    bsp_beep.o(.text) refers to bsp_beep.o(.data) for count_time
    control.o(.text) refers to cfrcmple.o(.text) for __aeabi_cfrcmple
    control.o(.text) refers to cfcmple.o(.text) for __aeabi_cfcmple
    control.o(.text) refers to bsp_motor.o(.text) for Map_V2Pwm
    control.o(.text) refers to fflti.o(.text) for __aeabi_i2f
    control.o(.text) refers to f2d.o(.text) for __aeabi_f2d
    control.o(.text) refers to tan.o(i.tan) for tan
    control.o(.text) refers to ddiv.o(.text) for __aeabi_ddiv
    control.o(.text) refers to d2f.o(.text) for __aeabi_d2f
    control.o(.text) refers to dadd.o(.text) for __aeabi_dsub
    control.o(.text) refers to fmul.o(.text) for __aeabi_fmul
    control.o(.text) refers to fdiv.o(.text) for __aeabi_fdiv
    control.o(.text) refers to pow.o(i.pow) for pow
    control.o(.text) refers to dmul.o(.text) for __aeabi_dmul
    control.o(.text) refers to fadd.o(.text) for __aeabi_fsub
    control.o(.text) refers to ffixi.o(.text) for __aeabi_f2iz
    control.o(.text) refers to stm32f10x_tim.o(.text) for TIM_GetITStatus
    control.o(.text) refers to control.o(.data) for My_MotorA
    control.o(.text) refers to main.o(.data) for Car_Num
    control.o(.text) refers to pstwo.o(.data) for PS2_LY
    show.o(.text) refers to memseta.o(.text) for __aeabi_memclr
    show.o(.text) refers to bsp_oled.o(.text) for OLED_ShowNumber
    show.o(.text) refers to ffixui.o(.text) for __aeabi_f2uiz
    show.o(.text) refers to bsp_oled.o(.bss) for OLED_GRAM
    show.o(.text) refers to pstwo.o(.data) for PS2_LX
    show.o(.text) refers to control.o(.data) for My_MotorA
    pow.o(i.__softfp_pow) refers (Special) to iusefp.o(.text) for __I$use$fp
    pow.o(i.__softfp_pow) refers to pow.o(i.pow) for pow
    pow.o(i.pow) refers (Special) to iusefp.o(.text) for __I$use$fp
    pow.o(i.pow) refers to dunder.o(i.__mathlib_dbl_infnan2) for __mathlib_dbl_infnan2
    pow.o(i.pow) refers to errno.o(i.__set_errno) for __set_errno
    pow.o(i.pow) refers to dunder.o(i.__mathlib_dbl_divzero) for __mathlib_dbl_divzero
    pow.o(i.pow) refers to ddiv.o(.text) for __aeabi_ddiv
    pow.o(i.pow) refers to sqrt.o(i.sqrt) for sqrt
    pow.o(i.pow) refers to dmul.o(.text) for __aeabi_dmul
    pow.o(i.pow) refers to dflti.o(.text) for __aeabi_i2d
    pow.o(i.pow) refers to dunder.o(i.__mathlib_dbl_invalid) for __mathlib_dbl_invalid
    pow.o(i.pow) refers to dunder.o(i.__mathlib_dbl_overflow) for __mathlib_dbl_overflow
    pow.o(i.pow) refers to dunder.o(i.__mathlib_dbl_underflow) for __mathlib_dbl_underflow
    pow.o(i.pow) refers to dadd.o(.text) for __aeabi_dsub
    pow.o(i.pow) refers to dscalb.o(.text) for __ARM_scalbn
    pow.o(i.pow) refers to qnan.o(.constdata) for __mathlib_zero
    pow.o(i.pow) refers to poly.o(i.__kernel_poly) for __kernel_poly
    pow.o(i.pow) refers to cdrcmple.o(.text) for __aeabi_cdrcmple
    pow.o(i.pow) refers to pow.o(.constdata) for .constdata
    pow.o(i.pow) refers to fpclassify.o(i.__ARM_fpclassify) for __ARM_fpclassify
    pow.o(.constdata) refers (Special) to iusefp.o(.text) for __I$use$fp
    pow_x.o(i.____softfp_pow$lsc) refers (Special) to iusefp.o(.text) for __I$use$fp
    pow_x.o(i.____softfp_pow$lsc) refers to pow_x.o(i.__pow$lsc) for __pow$lsc
    pow_x.o(i.__pow$lsc) refers (Special) to iusefp.o(.text) for __I$use$fp
    pow_x.o(i.__pow$lsc) refers to dunder.o(i.__mathlib_dbl_infnan2) for __mathlib_dbl_infnan2
    pow_x.o(i.__pow$lsc) refers to errno.o(i.__set_errno) for __set_errno
    pow_x.o(i.__pow$lsc) refers to ddiv.o(.text) for __aeabi_ddiv
    pow_x.o(i.__pow$lsc) refers to sqrt.o(i.sqrt) for sqrt
    pow_x.o(i.__pow$lsc) refers to dmul.o(.text) for __aeabi_dmul
    pow_x.o(i.__pow$lsc) refers to dflti.o(.text) for __aeabi_i2d
    pow_x.o(i.__pow$lsc) refers to dadd.o(.text) for __aeabi_dsub
    pow_x.o(i.__pow$lsc) refers to dscalb.o(.text) for __ARM_scalbn
    pow_x.o(i.__pow$lsc) refers to qnan.o(.constdata) for __mathlib_zero
    pow_x.o(i.__pow$lsc) refers to poly.o(i.__kernel_poly) for __kernel_poly
    pow_x.o(i.__pow$lsc) refers to cdrcmple.o(.text) for __aeabi_cdrcmple
    pow_x.o(i.__pow$lsc) refers to pow_x.o(.constdata) for .constdata
    pow_x.o(.constdata) refers (Special) to iusefp.o(.text) for __I$use$fp
    tan.o(i.__softfp_tan) refers (Special) to iusefp.o(.text) for __I$use$fp
    tan.o(i.__softfp_tan) refers to errno.o(i.__set_errno) for __set_errno
    tan.o(i.__softfp_tan) refers to dunder.o(i.__mathlib_dbl_invalid) for __mathlib_dbl_invalid
    tan.o(i.__softfp_tan) refers to dunder.o(i.__mathlib_dbl_infnan) for __mathlib_dbl_infnan
    tan.o(i.__softfp_tan) refers to rred.o(i.__ieee754_rem_pio2) for __ieee754_rem_pio2
    tan.o(i.__softfp_tan) refers to tan_i.o(i.__kernel_tan) for __kernel_tan
    tan.o(i.tan) refers (Special) to iusefp.o(.text) for __I$use$fp
    tan.o(i.tan) refers to errno.o(i.__set_errno) for __set_errno
    tan.o(i.tan) refers to dunder.o(i.__mathlib_dbl_invalid) for __mathlib_dbl_invalid
    tan.o(i.tan) refers to dunder.o(i.__mathlib_dbl_infnan) for __mathlib_dbl_infnan
    tan.o(i.tan) refers to rred.o(i.__ieee754_rem_pio2) for __ieee754_rem_pio2
    tan.o(i.tan) refers to tan_i.o(i.__kernel_tan) for __kernel_tan
    tan_x.o(i.____softfp_tan$lsc) refers (Special) to iusefp.o(.text) for __I$use$fp
    tan_x.o(i.____softfp_tan$lsc) refers to errno.o(i.__set_errno) for __set_errno
    tan_x.o(i.____softfp_tan$lsc) refers to dunder.o(i.__mathlib_dbl_infnan) for __mathlib_dbl_infnan
    tan_x.o(i.____softfp_tan$lsc) refers to rred.o(i.__ieee754_rem_pio2) for __ieee754_rem_pio2
    tan_x.o(i.____softfp_tan$lsc) refers to tan_i.o(i.__kernel_tan) for __kernel_tan
    tan_x.o(i.__tan$lsc) refers (Special) to iusefp.o(.text) for __I$use$fp
    tan_x.o(i.__tan$lsc) refers to errno.o(i.__set_errno) for __set_errno
    tan_x.o(i.__tan$lsc) refers to dunder.o(i.__mathlib_dbl_infnan) for __mathlib_dbl_infnan
    tan_x.o(i.__tan$lsc) refers to rred.o(i.__ieee754_rem_pio2) for __ieee754_rem_pio2
    tan_x.o(i.__tan$lsc) refers to tan_i.o(i.__kernel_tan) for __kernel_tan
    entry.o(.ARM.Collect$$$$00000000) refers (Special) to entry10a.o(.ARM.Collect$$$$0000000D) for __rt_final_cpp
    entry.o(.ARM.Collect$$$$00000000) refers (Special) to entry11a.o(.ARM.Collect$$$$0000000F) for __rt_final_exit
    entry.o(.ARM.Collect$$$$00000000) refers (Special) to entry7b.o(.ARM.Collect$$$$00000008) for _main_clock
    entry.o(.ARM.Collect$$$$00000000) refers (Special) to entry8b.o(.ARM.Collect$$$$0000000A) for _main_cpp_init
    entry.o(.ARM.Collect$$$$00000000) refers (Special) to entry9a.o(.ARM.Collect$$$$0000000B) for _main_init
    entry.o(.ARM.Collect$$$$00000000) refers (Special) to entry5.o(.ARM.Collect$$$$00000004) for _main_scatterload
    entry.o(.ARM.Collect$$$$00000000) refers (Special) to entry2.o(.ARM.Collect$$$$00000001) for _main_stk
    fadd.o(.text) refers (Special) to iusefp.o(.text) for __I$use$fp
    fadd.o(.text) refers to fepilogue.o(.text) for _float_epilogue
    fmul.o(.text) refers (Special) to iusefp.o(.text) for __I$use$fp
    fdiv.o(.text) refers (Special) to iusefp.o(.text) for __I$use$fp
    fdiv.o(.text) refers to fepilogue.o(.text) for _float_round
    dadd.o(.text) refers (Special) to iusefp.o(.text) for __I$use$fp
    dadd.o(.text) refers to llshl.o(.text) for __aeabi_llsl
    dadd.o(.text) refers to llsshr.o(.text) for __aeabi_lasr
    dadd.o(.text) refers to depilogue.o(.text) for _double_epilogue
    dmul.o(.text) refers (Special) to iusefp.o(.text) for __I$use$fp
    dmul.o(.text) refers to depilogue.o(.text) for _double_epilogue
    ddiv.o(.text) refers (Special) to iusefp.o(.text) for __I$use$fp
    ddiv.o(.text) refers to depilogue.o(.text) for _double_round
    fflti.o(.text) refers (Special) to iusefp.o(.text) for __I$use$fp
    fflti.o(.text) refers to fepilogue.o(.text) for _float_epilogue
    ffixi.o(.text) refers (Special) to iusefp.o(.text) for __I$use$fp
    ffixui.o(.text) refers (Special) to iusefp.o(.text) for __I$use$fp
    dfixi.o(.text) refers (Special) to iusefp.o(.text) for __I$use$fp
    dfixi.o(.text) refers to llushr.o(.text) for __aeabi_llsr
    f2d.o(.text) refers (Special) to iusefp.o(.text) for __I$use$fp
    d2f.o(.text) refers (Special) to iusefp.o(.text) for __I$use$fp
    d2f.o(.text) refers to fepilogue.o(.text) for _float_round
    cfcmple.o(.text) refers (Special) to iusefp.o(.text) for __I$use$fp
    cfrcmple.o(.text) refers (Special) to iusefp.o(.text) for __I$use$fp
    dunder.o(i.__mathlib_dbl_divzero) refers to ddiv.o(.text) for __aeabi_ddiv
    dunder.o(i.__mathlib_dbl_infnan) refers to dscalb.o(.text) for __ARM_scalbn
    dunder.o(i.__mathlib_dbl_infnan2) refers to dadd.o(.text) for __aeabi_dadd
    dunder.o(i.__mathlib_dbl_invalid) refers to ddiv.o(.text) for __aeabi_ddiv
    dunder.o(i.__mathlib_dbl_overflow) refers to dscalb.o(.text) for __ARM_scalbn
    dunder.o(i.__mathlib_dbl_posinfnan) refers to dmul.o(.text) for __aeabi_dmul
    dunder.o(i.__mathlib_dbl_underflow) refers to dscalb.o(.text) for __ARM_scalbn
    fpclassify.o(i.__ARM_fpclassify) refers (Special) to iusefp.o(.text) for __I$use$fp
    poly.o(i.__kernel_poly) refers (Special) to iusefp.o(.text) for __I$use$fp
    poly.o(i.__kernel_poly) refers to dmul.o(.text) for __aeabi_dmul
    poly.o(i.__kernel_poly) refers to dadd.o(.text) for __aeabi_dadd
    qnan.o(.constdata) refers (Special) to iusefp.o(.text) for __I$use$fp
    rred.o(i.__ieee754_rem_pio2) refers (Special) to iusefp.o(.text) for __I$use$fp
    rred.o(i.__ieee754_rem_pio2) refers to dadd.o(.text) for __aeabi_dsub
    rred.o(i.__ieee754_rem_pio2) refers to dmul.o(.text) for __aeabi_dmul
    rred.o(i.__ieee754_rem_pio2) refers to dfixi.o(.text) for __aeabi_d2iz
    rred.o(i.__ieee754_rem_pio2) refers to dflti.o(.text) for __aeabi_i2d
    rred.o(i.__ieee754_rem_pio2) refers to dfltui.o(.text) for __aeabi_ui2d
    rred.o(i.__ieee754_rem_pio2) refers to dscalb.o(.text) for __ARM_scalbn
    rred.o(i.__ieee754_rem_pio2) refers to rred.o(.constdata) for .constdata
    rred.o(i.__use_accurate_range_reduction) refers (Special) to iusefp.o(.text) for __I$use$fp
    rred.o(.constdata) refers (Special) to iusefp.o(.text) for __I$use$fp
    sqrt.o(i.__softfp_sqrt) refers (Special) to iusefp.o(.text) for __I$use$fp
    sqrt.o(i.__softfp_sqrt) refers to dsqrt.o(.text) for _dsqrt
    sqrt.o(i.__softfp_sqrt) refers to errno.o(i.__set_errno) for __set_errno
    sqrt.o(i.sqrt) refers (Special) to iusefp.o(.text) for __I$use$fp
    sqrt.o(i.sqrt) refers to dsqrt.o(.text) for _dsqrt
    sqrt.o(i.sqrt) refers to errno.o(i.__set_errno) for __set_errno
    sqrt_x.o(i.____softfp_sqrt$lsc) refers (Special) to iusefp.o(.text) for __I$use$fp
    sqrt_x.o(i.____softfp_sqrt$lsc) refers to cdcmple.o(.text) for __aeabi_cdcmple
    sqrt_x.o(i.____softfp_sqrt$lsc) refers to errno.o(i.__set_errno) for __set_errno
    sqrt_x.o(i.____softfp_sqrt$lsc) refers to dsqrt.o(.text) for _dsqrt
    sqrt_x.o(i.__sqrt$lsc) refers (Special) to iusefp.o(.text) for __I$use$fp
    sqrt_x.o(i.__sqrt$lsc) refers to cdcmple.o(.text) for __aeabi_cdcmple
    sqrt_x.o(i.__sqrt$lsc) refers to errno.o(i.__set_errno) for __set_errno
    sqrt_x.o(i.__sqrt$lsc) refers to dsqrt.o(.text) for _dsqrt
    tan_i.o(i.__kernel_tan) refers (Special) to iusefp.o(.text) for __I$use$fp
    tan_i.o(i.__kernel_tan) refers to dfixi.o(.text) for __aeabi_d2iz
    tan_i.o(i.__kernel_tan) refers to dadd.o(.text) for __aeabi_drsub
    tan_i.o(i.__kernel_tan) refers to dmul.o(.text) for __aeabi_dmul
    tan_i.o(i.__kernel_tan) refers to poly.o(i.__kernel_poly) for __kernel_poly
    tan_i.o(i.__kernel_tan) refers to dflti.o(.text) for __aeabi_i2d
    tan_i.o(i.__kernel_tan) refers to ddiv.o(.text) for __aeabi_ddiv
    tan_i.o(i.__kernel_tan) refers to dscalb.o(.text) for __ARM_scalbn
    tan_i.o(i.__kernel_tan) refers to fpclassify.o(i.__ARM_fpclassify) for __ARM_fpclassify
    tan_i.o(i.__kernel_tan) refers to dunder.o(i.__mathlib_dbl_underflow) for __mathlib_dbl_underflow
    tan_i.o(i.__kernel_tan) refers to tan_i.o(.constdata) for .constdata
    tan_i.o(.constdata) refers (Special) to iusefp.o(.text) for __I$use$fp
    tan_i_x.o(i.____kernel_tan$lsc) refers (Special) to iusefp.o(.text) for __I$use$fp
    tan_i_x.o(i.____kernel_tan$lsc) refers to dfixi.o(.text) for __aeabi_d2iz
    tan_i_x.o(i.____kernel_tan$lsc) refers to dadd.o(.text) for __aeabi_drsub
    tan_i_x.o(i.____kernel_tan$lsc) refers to dmul.o(.text) for __aeabi_dmul
    tan_i_x.o(i.____kernel_tan$lsc) refers to poly.o(i.__kernel_poly) for __kernel_poly
    tan_i_x.o(i.____kernel_tan$lsc) refers to dflti.o(.text) for __aeabi_i2d
    tan_i_x.o(i.____kernel_tan$lsc) refers to ddiv.o(.text) for __aeabi_ddiv
    tan_i_x.o(i.____kernel_tan$lsc) refers to dscalb.o(.text) for __ARM_scalbn
    tan_i_x.o(i.____kernel_tan$lsc) refers to tan_i_x.o(.constdata) for .constdata
    tan_i_x.o(.constdata) refers (Special) to iusefp.o(.text) for __I$use$fp
    entry2.o(.ARM.Collect$$$$00000001) refers to entry2.o(.ARM.Collect$$$$00002712) for __lit__00000000
    entry2.o(.ARM.Collect$$$$00002712) refers to startup_stm32f10x_hd.o(STACK) for __initial_sp
    entry2.o(__vectab_stack_and_reset_area) refers to startup_stm32f10x_hd.o(STACK) for __initial_sp
    entry2.o(__vectab_stack_and_reset_area) refers to entry.o(.ARM.Collect$$$$00000000) for __main
    entry5.o(.ARM.Collect$$$$00000004) refers to init.o(.text) for __scatterload
    entry9a.o(.ARM.Collect$$$$0000000B) refers to main.o(.text) for main
    entry9b.o(.ARM.Collect$$$$0000000C) refers to main.o(.text) for main
    errno.o(i.__aeabi_errno_addr) refers to errno.o(.data) for .data
    errno.o(i.__read_errno) refers to errno.o(.data) for .data
    errno.o(i.__set_errno) refers to errno.o(.data) for .data
    depilogue.o(.text) refers to llshl.o(.text) for __aeabi_llsl
    depilogue.o(.text) refers to llushr.o(.text) for __aeabi_llsr
    dflti.o(.text) refers to depilogue.o(.text) for _double_epilogue
    init.o(.text) refers to entry5.o(.ARM.Collect$$$$00000004) for __main_after_scatterload
    dsqrt.o(.text) refers to llushr.o(.text) for __aeabi_llsr
    dsqrt.o(.text) refers to depilogue.o(.text) for _double_round
    dfltui.o(.text) refers to depilogue.o(.text) for _double_epilogue


==============================================================================

Removing Unused input sections from the image.

    Removing startup_stm32f10x_hd.o(HEAP), (512 bytes).
    Removing core_cm3.o(.emb_text), (32 bytes).
    Removing stm32f10x_adc.o(.text), (1102 bytes).
    Removing stm32f10x_bkp.o(.text), (196 bytes).
    Removing stm32f10x_can.o(.text), (2544 bytes).
    Removing stm32f10x_cec.o(.text), (288 bytes).
    Removing stm32f10x_crc.o(.text), (72 bytes).
    Removing stm32f10x_dac.o(.text), (396 bytes).
    Removing stm32f10x_dbgmcu.o(.text), (48 bytes).
    Removing stm32f10x_dma.o(.text), (596 bytes).
    Removing stm32f10x_exti.o(.text), (284 bytes).
    Removing stm32f10x_flash.o(.text), (1468 bytes).
    Removing stm32f10x_fsmc.o(.text), (1548 bytes).
    Removing stm32f10x_i2c.o(.text), (1028 bytes).
    Removing stm32f10x_iwdg.o(.text), (64 bytes).
    Removing stm32f10x_pwr.o(.text), (204 bytes).
    Removing stm32f10x_rtc.o(.text), (328 bytes).
    Removing stm32f10x_sdio.o(.text), (468 bytes).
    Removing stm32f10x_spi.o(.text), (780 bytes).
    Removing stm32f10x_usart.o(.text), (1032 bytes).
    Removing stm32f10x_wwdg.o(.text), (136 bytes).
    Removing main.o(.constdata), (2660 bytes).
    Removing bsp_generaltim.o(.constdata), (2660 bytes).
    Removing bsp_motor.o(.constdata), (2660 bytes).
    Removing pstwo.o(.constdata), (2660 bytes).
    Removing bsp_beep.o(.constdata), (2660 bytes).
    Removing control.o(.constdata), (2660 bytes).
    Removing show.o(.constdata), (2660 bytes).
    Removing cdcmple.o(.text), (48 bytes).

29 unused section(s) (total 31794 bytes) removed from the image.

==============================================================================

Image Symbol Table

    Local Symbols

    Symbol Name                              Value     Ov Type        Size  Object(Section)

    ../clib/microlib/errno.c                 0x00000000   Number         0  errno.o ABSOLUTE
    ../clib/microlib/init/entry.s            0x00000000   Number         0  entry5.o ABSOLUTE
    ../clib/microlib/init/entry.s            0x00000000   Number         0  entry.o ABSOLUTE
    ../clib/microlib/init/entry.s            0x00000000   Number         0  entry11b.o ABSOLUTE
    ../clib/microlib/init/entry.s            0x00000000   Number         0  entry2.o ABSOLUTE
    ../clib/microlib/init/entry.s            0x00000000   Number         0  entry11a.o ABSOLUTE
    ../clib/microlib/init/entry.s            0x00000000   Number         0  entry10b.o ABSOLUTE
    ../clib/microlib/init/entry.s            0x00000000   Number         0  entry9a.o ABSOLUTE
    ../clib/microlib/init/entry.s            0x00000000   Number         0  entry10a.o ABSOLUTE
    ../clib/microlib/init/entry.s            0x00000000   Number         0  entry9b.o ABSOLUTE
    ../clib/microlib/init/entry.s            0x00000000   Number         0  entry8a.o ABSOLUTE
    ../clib/microlib/init/entry.s            0x00000000   Number         0  entry7b.o ABSOLUTE
    ../clib/microlib/init/entry.s            0x00000000   Number         0  entry8b.o ABSOLUTE
    ../clib/microlib/init/entry.s            0x00000000   Number         0  entry7a.o ABSOLUTE
    ../clib/microlib/longlong.c              0x00000000   Number         0  llsshr.o ABSOLUTE
    ../clib/microlib/longlong.c              0x00000000   Number         0  llshl.o ABSOLUTE
    ../clib/microlib/longlong.c              0x00000000   Number         0  llushr.o ABSOLUTE
    ../clib/microlib/string/memset.c         0x00000000   Number         0  memseta.o ABSOLUTE
    ../clib/microlib/stubs.s                 0x00000000   Number         0  iusefp.o ABSOLUTE
    ../fplib/microlib/d2f.c                  0x00000000   Number         0  d2f.o ABSOLUTE
    ../fplib/microlib/f2d.c                  0x00000000   Number         0  f2d.o ABSOLUTE
    ../fplib/microlib/fpadd.c                0x00000000   Number         0  dadd.o ABSOLUTE
    ../fplib/microlib/fpadd.c                0x00000000   Number         0  fadd.o ABSOLUTE
    ../fplib/microlib/fpdiv.c                0x00000000   Number         0  fdiv.o ABSOLUTE
    ../fplib/microlib/fpdiv.c                0x00000000   Number         0  ddiv.o ABSOLUTE
    ../fplib/microlib/fpepilogue.c           0x00000000   Number         0  depilogue.o ABSOLUTE
    ../fplib/microlib/fpepilogue.c           0x00000000   Number         0  fepilogue.o ABSOLUTE
    ../fplib/microlib/fpfix.c                0x00000000   Number         0  dfixi.o ABSOLUTE
    ../fplib/microlib/fpfix.c                0x00000000   Number         0  ffixui.o ABSOLUTE
    ../fplib/microlib/fpfix.c                0x00000000   Number         0  ffixi.o ABSOLUTE
    ../fplib/microlib/fpflt.c                0x00000000   Number         0  dfltui.o ABSOLUTE
    ../fplib/microlib/fpflt.c                0x00000000   Number         0  dflti.o ABSOLUTE
    ../fplib/microlib/fpflt.c                0x00000000   Number         0  fflti.o ABSOLUTE
    ../fplib/microlib/fpmul.c                0x00000000   Number         0  dmul.o ABSOLUTE
    ../fplib/microlib/fpmul.c                0x00000000   Number         0  fmul.o ABSOLUTE
    ../fplib/microlib/fpscalb.c              0x00000000   Number         0  dscalb.o ABSOLUTE
    ../fplib/microlib/fpsqrt.c               0x00000000   Number         0  dsqrt.o ABSOLUTE
    ../mathlib/dunder.c                      0x00000000   Number         0  dunder.o ABSOLUTE
    ../mathlib/fpclassify.c                  0x00000000   Number         0  fpclassify.o ABSOLUTE
    ../mathlib/poly.c                        0x00000000   Number         0  poly.o ABSOLUTE
    ../mathlib/pow.c                         0x00000000   Number         0  pow_x.o ABSOLUTE
    ../mathlib/pow.c                         0x00000000   Number         0  pow.o ABSOLUTE
    ../mathlib/qnan.c                        0x00000000   Number         0  qnan.o ABSOLUTE
    ../mathlib/rred.c                        0x00000000   Number         0  rred.o ABSOLUTE
    ../mathlib/sqrt.c                        0x00000000   Number         0  sqrt_x.o ABSOLUTE
    ../mathlib/sqrt.c                        0x00000000   Number         0  sqrt.o ABSOLUTE
    ../mathlib/tan.c                         0x00000000   Number         0  tan.o ABSOLUTE
    ../mathlib/tan.c                         0x00000000   Number         0  tan_x.o ABSOLUTE
    ../mathlib/tan_i.c                       0x00000000   Number         0  tan_i_x.o ABSOLUTE
    ../mathlib/tan_i.c                       0x00000000   Number         0  tan_i.o ABSOLUTE
    ..\..\Libraries\CMSIS\core_cm3.c         0x00000000   Number         0  core_cm3.o ABSOLUTE
    ..\..\Libraries\CMSIS\startup\startup_stm32f10x_hd.s 0x00000000   Number         0  startup_stm32f10x_hd.o ABSOLUTE
    ..\..\Libraries\CMSIS\system_stm32f10x.c 0x00000000   Number         0  system_stm32f10x.o ABSOLUTE
    ..\..\Libraries\FWlib\src\misc.c         0x00000000   Number         0  misc.o ABSOLUTE
    ..\..\Libraries\FWlib\src\stm32f10x_adc.c 0x00000000   Number         0  stm32f10x_adc.o ABSOLUTE
    ..\..\Libraries\FWlib\src\stm32f10x_bkp.c 0x00000000   Number         0  stm32f10x_bkp.o ABSOLUTE
    ..\..\Libraries\FWlib\src\stm32f10x_can.c 0x00000000   Number         0  stm32f10x_can.o ABSOLUTE
    ..\..\Libraries\FWlib\src\stm32f10x_cec.c 0x00000000   Number         0  stm32f10x_cec.o ABSOLUTE
    ..\..\Libraries\FWlib\src\stm32f10x_crc.c 0x00000000   Number         0  stm32f10x_crc.o ABSOLUTE
    ..\..\Libraries\FWlib\src\stm32f10x_dac.c 0x00000000   Number         0  stm32f10x_dac.o ABSOLUTE
    ..\..\Libraries\FWlib\src\stm32f10x_dbgmcu.c 0x00000000   Number         0  stm32f10x_dbgmcu.o ABSOLUTE
    ..\..\Libraries\FWlib\src\stm32f10x_dma.c 0x00000000   Number         0  stm32f10x_dma.o ABSOLUTE
    ..\..\Libraries\FWlib\src\stm32f10x_exti.c 0x00000000   Number         0  stm32f10x_exti.o ABSOLUTE
    ..\..\Libraries\FWlib\src\stm32f10x_flash.c 0x00000000   Number         0  stm32f10x_flash.o ABSOLUTE
    ..\..\Libraries\FWlib\src\stm32f10x_fsmc.c 0x00000000   Number         0  stm32f10x_fsmc.o ABSOLUTE
    ..\..\Libraries\FWlib\src\stm32f10x_gpio.c 0x00000000   Number         0  stm32f10x_gpio.o ABSOLUTE
    ..\..\Libraries\FWlib\src\stm32f10x_i2c.c 0x00000000   Number         0  stm32f10x_i2c.o ABSOLUTE
    ..\..\Libraries\FWlib\src\stm32f10x_iwdg.c 0x00000000   Number         0  stm32f10x_iwdg.o ABSOLUTE
    ..\..\Libraries\FWlib\src\stm32f10x_pwr.c 0x00000000   Number         0  stm32f10x_pwr.o ABSOLUTE
    ..\..\Libraries\FWlib\src\stm32f10x_rcc.c 0x00000000   Number         0  stm32f10x_rcc.o ABSOLUTE
    ..\..\Libraries\FWlib\src\stm32f10x_rtc.c 0x00000000   Number         0  stm32f10x_rtc.o ABSOLUTE
    ..\..\Libraries\FWlib\src\stm32f10x_sdio.c 0x00000000   Number         0  stm32f10x_sdio.o ABSOLUTE
    ..\..\Libraries\FWlib\src\stm32f10x_spi.c 0x00000000   Number         0  stm32f10x_spi.o ABSOLUTE
    ..\..\Libraries\FWlib\src\stm32f10x_tim.c 0x00000000   Number         0  stm32f10x_tim.o ABSOLUTE
    ..\..\Libraries\FWlib\src\stm32f10x_usart.c 0x00000000   Number         0  stm32f10x_usart.o ABSOLUTE
    ..\..\Libraries\FWlib\src\stm32f10x_wwdg.c 0x00000000   Number         0  stm32f10x_wwdg.o ABSOLUTE
    ..\..\User\CONTROL\control.c             0x00000000   Number         0  control.o ABSOLUTE
    ..\..\User\CONTROL\show.c                0x00000000   Number         0  show.o ABSOLUTE
    ..\..\User\HARDWARE\GeneralTim\bsp_GeneralTim.c 0x00000000   Number         0  bsp_generaltim.o ABSOLUTE
    ..\..\User\HARDWARE\Motor\bsp_motor.c    0x00000000   Number         0  bsp_motor.o ABSOLUTE
    ..\..\User\HARDWARE\OLED\bsp_oled.c      0x00000000   Number         0  bsp_oled.o ABSOLUTE
    ..\..\User\HARDWARE\PSTWO\pstwo.c        0x00000000   Number         0  pstwo.o ABSOLUTE
    ..\..\User\HARDWARE\SysTick\bsp_SysTick.c 0x00000000   Number         0  bsp_systick.o ABSOLUTE
    ..\..\User\HARDWARE\beep\bsp_beep.c      0x00000000   Number         0  bsp_beep.o ABSOLUTE
    ..\..\User\main.c                        0x00000000   Number         0  main.o ABSOLUTE
    ..\..\User\stm32f10x_it.c                0x00000000   Number         0  stm32f10x_it.o ABSOLUTE
    ..\\..\\Libraries\\CMSIS\\core_cm3.c     0x00000000   Number         0  core_cm3.o ABSOLUTE
    cdcmple.s                                0x00000000   Number         0  cdcmple.o ABSOLUTE
    cdrcmple.s                               0x00000000   Number         0  cdrcmple.o ABSOLUTE
    cfcmple.s                                0x00000000   Number         0  cfcmple.o ABSOLUTE
    cfrcmple.s                               0x00000000   Number         0  cfrcmple.o ABSOLUTE
    dc.s                                     0x00000000   Number         0  dc.o ABSOLUTE
    handlers.s                               0x00000000   Number         0  handlers.o ABSOLUTE
    init.s                                   0x00000000   Number         0  init.o ABSOLUTE
    RESET                                    0x08000000   Section      304  startup_stm32f10x_hd.o(RESET)
    .ARM.Collect$$$$00000000                 0x08000130   Section        0  entry.o(.ARM.Collect$$$$00000000)
    .ARM.Collect$$$$00000001                 0x08000130   Section        4  entry2.o(.ARM.Collect$$$$00000001)
    .ARM.Collect$$$$00000004                 0x08000134   Section        4  entry5.o(.ARM.Collect$$$$00000004)
    .ARM.Collect$$$$00000008                 0x08000138   Section        0  entry7b.o(.ARM.Collect$$$$00000008)
    .ARM.Collect$$$$0000000A                 0x08000138   Section        0  entry8b.o(.ARM.Collect$$$$0000000A)
    .ARM.Collect$$$$0000000B                 0x08000138   Section        8  entry9a.o(.ARM.Collect$$$$0000000B)
    .ARM.Collect$$$$0000000D                 0x08000140   Section        0  entry10a.o(.ARM.Collect$$$$0000000D)
    .ARM.Collect$$$$0000000F                 0x08000140   Section        0  entry11a.o(.ARM.Collect$$$$0000000F)
    .ARM.Collect$$$$00002712                 0x08000140   Section        4  entry2.o(.ARM.Collect$$$$00002712)
    __lit__00000000                          0x08000140   Data           4  entry2.o(.ARM.Collect$$$$00002712)
    .text                                    0x08000144   Section       36  startup_stm32f10x_hd.o(.text)
    .text                                    0x08000168   Section        0  system_stm32f10x.o(.text)
    SetSysClockTo72                          0x08000169   Thumb Code   214  system_stm32f10x.o(.text)
    SetSysClock                              0x0800023f   Thumb Code     8  system_stm32f10x.o(.text)
    .text                                    0x08000348   Section        0  misc.o(.text)
    .text                                    0x08000424   Section        0  stm32f10x_gpio.o(.text)
    .text                                    0x08000780   Section        0  stm32f10x_rcc.o(.text)
    .text                                    0x08000b24   Section        0  stm32f10x_tim.o(.text)
    TI4_Config                               0x08000fcb   Thumb Code   130  stm32f10x_tim.o(.text)
    TI3_Config                               0x0800105f   Thumb Code   122  stm32f10x_tim.o(.text)
    TI2_Config                               0x080010f3   Thumb Code   130  stm32f10x_tim.o(.text)
    TI1_Config                               0x08001187   Thumb Code   108  stm32f10x_tim.o(.text)
    .text                                    0x08001940   Section        0  main.o(.text)
    .text                                    0x08001994   Section        0  stm32f10x_it.o(.text)
    .text                                    0x080019b4   Section        0  bsp_systick.o(.text)
    SysTick_Config                           0x080019b5   Thumb Code    76  bsp_systick.o(.text)
    .text                                    0x08001aec   Section        0  bsp_generaltim.o(.text)
    PWM_OutPut_TIM_GPIO_Config               0x08001aed   Thumb Code   140  bsp_generaltim.o(.text)
    PWM_OutPut_TIM_Mode_Config               0x08001b79   Thumb Code   214  bsp_generaltim.o(.text)
    .text                                    0x08001cd4   Section        0  bsp_motor.o(.text)
    .text                                    0x08001e40   Section        0  bsp_oled.o(.text)
    .text                                    0x080022ec   Section        0  pstwo.o(.text)
    .text                                    0x080027dc   Section        0  bsp_beep.o(.text)
    .text                                    0x08002884   Section        0  control.o(.text)
    .text                                    0x08002db0   Section        0  show.o(.text)
    .text                                    0x08002ee4   Section        0  memseta.o(.text)
    .text                                    0x08002f08   Section        0  fadd.o(.text)
    .text                                    0x08002fb8   Section        0  fmul.o(.text)
    .text                                    0x0800301c   Section        0  fdiv.o(.text)
    .text                                    0x08003098   Section        0  dadd.o(.text)
    .text                                    0x080031e6   Section        0  dmul.o(.text)
    .text                                    0x080032ca   Section        0  ddiv.o(.text)
    .text                                    0x080033a8   Section        0  fflti.o(.text)
    .text                                    0x080033ba   Section        0  ffixi.o(.text)
    .text                                    0x080033ec   Section        0  ffixui.o(.text)
    .text                                    0x08003414   Section        0  dfixi.o(.text)
    .text                                    0x08003452   Section        0  f2d.o(.text)
    .text                                    0x08003478   Section        0  d2f.o(.text)
    .text                                    0x080034b0   Section       20  cfcmple.o(.text)
    .text                                    0x080034c4   Section       20  cfrcmple.o(.text)
    .text                                    0x080034d8   Section        0  llshl.o(.text)
    .text                                    0x080034f6   Section        0  llushr.o(.text)
    .text                                    0x08003516   Section        0  llsshr.o(.text)
    .text                                    0x0800353a   Section        0  iusefp.o(.text)
    .text                                    0x0800353a   Section        0  fepilogue.o(.text)
    .text                                    0x080035a8   Section        0  depilogue.o(.text)
    .text                                    0x08003662   Section        0  dscalb.o(.text)
    .text                                    0x08003690   Section        0  dflti.o(.text)
    .text                                    0x080036b4   Section       48  cdrcmple.o(.text)
    .text                                    0x080036e4   Section       36  init.o(.text)
    .text                                    0x08003708   Section        0  dsqrt.o(.text)
    .text                                    0x080037aa   Section        0  dfltui.o(.text)
    i.__ARM_fpclassify                       0x080037c4   Section        0  fpclassify.o(i.__ARM_fpclassify)
    i.__ieee754_rem_pio2                     0x080037ec   Section        0  rred.o(i.__ieee754_rem_pio2)
    i.__kernel_poly                          0x08003b74   Section        0  poly.o(i.__kernel_poly)
    i.__kernel_tan                           0x08003c20   Section        0  tan_i.o(i.__kernel_tan)
    i.__mathlib_dbl_divzero                  0x08003e9c   Section        0  dunder.o(i.__mathlib_dbl_divzero)
    i.__mathlib_dbl_infnan                   0x08003eac   Section        0  dunder.o(i.__mathlib_dbl_infnan)
    i.__mathlib_dbl_infnan2                  0x08003eb2   Section        0  dunder.o(i.__mathlib_dbl_infnan2)
    i.__mathlib_dbl_invalid                  0x08003eb6   Section        0  dunder.o(i.__mathlib_dbl_invalid)
    i.__mathlib_dbl_overflow                 0x08003ec2   Section        0  dunder.o(i.__mathlib_dbl_overflow)
    i.__mathlib_dbl_underflow                0x08003ed0   Section        0  dunder.o(i.__mathlib_dbl_underflow)
    i.__scatterload_copy                     0x08003ee0   Section       14  handlers.o(i.__scatterload_copy)
    i.__scatterload_null                     0x08003eee   Section        2  handlers.o(i.__scatterload_null)
    i.__scatterload_zeroinit                 0x08003ef0   Section       14  handlers.o(i.__scatterload_zeroinit)
    i.__set_errno                            0x08003f00   Section        0  errno.o(i.__set_errno)
    i.pow                                    0x08003f0c   Section        0  pow.o(i.pow)
    i.sqrt                                   0x080048e4   Section        0  sqrt.o(i.sqrt)
    i.tan                                    0x08004930   Section        0  tan.o(i.tan)
    .constdata                               0x08004994   Section     2660  bsp_oled.o(.constdata)
    oled_asc2_1206                           0x08004994   Data        1140  bsp_oled.o(.constdata)
    oled_asc2_1608                           0x08004e08   Data        1520  bsp_oled.o(.constdata)
    .constdata                               0x080053f8   Section      136  pow.o(.constdata)
    bp                                       0x080053f8   Data          16  pow.o(.constdata)
    dp_h                                     0x08005408   Data          16  pow.o(.constdata)
    dp_l                                     0x08005418   Data          16  pow.o(.constdata)
    L                                        0x08005428   Data          48  pow.o(.constdata)
    P                                        0x08005458   Data          40  pow.o(.constdata)
    .constdata                               0x08005480   Section        8  qnan.o(.constdata)
    .constdata                               0x08005488   Section      200  rred.o(.constdata)
    pio2s                                    0x08005488   Data          48  rred.o(.constdata)
    twooverpi                                0x080054b8   Data         152  rred.o(.constdata)
    .constdata                               0x08005550   Section       96  tan_i.o(.constdata)
    Todd                                     0x08005550   Data          48  tan_i.o(.constdata)
    Teven                                    0x08005580   Data          48  tan_i.o(.constdata)
    .data                                    0x20000000   Section       20  system_stm32f10x.o(.data)
    .data                                    0x20000014   Section       20  stm32f10x_rcc.o(.data)
    APBAHBPrescTable                         0x20000014   Data          16  stm32f10x_rcc.o(.data)
    ADCPrescTable                            0x20000024   Data           4  stm32f10x_rcc.o(.data)
    .data                                    0x20000028   Section       20  main.o(.data)
    .data                                    0x2000003c   Section        4  bsp_systick.o(.data)
    TimingDelay                              0x2000003c   Data           4  bsp_systick.o(.data)
    .data                                    0x20000040   Section       64  pstwo.o(.data)
    Strat                                    0x2000007c   Data           4  pstwo.o(.data)
    .data                                    0x20000080   Section        4  bsp_beep.o(.data)
    count_time                               0x20000080   Data           4  bsp_beep.o(.data)
    .data                                    0x20000084   Section       50  control.o(.data)
    Key1_Count                               0x200000b4   Data           1  control.o(.data)
    Key2_Count                               0x200000b5   Data           1  control.o(.data)
    .data                                    0x200000b8   Section        4  errno.o(.data)
    _errno                                   0x200000b8   Data           4  errno.o(.data)
    .bss                                     0x200000bc   Section     1024  bsp_oled.o(.bss)
    .bss                                     0x200004bc   Section        9  pstwo.o(.bss)
    STACK                                    0x200004c8   Section     1024  startup_stm32f10x_hd.o(STACK)

    Global Symbols

    Symbol Name                              Value     Ov Type        Size  Object(Section)

    BuildAttributes$$THM_ISAv4$P$D$K$B$S$PE$A:L22UL41UL21$X:L11$S22US41US21$IEEE1$IW$USESV6$~STKCKD$USESV7$~SHL$OTIME$ROPI$IEEEX$EBA8$MICROLIB$REQ8$PRES8$EABIv2 0x00000000   Number         0  anon$$obj.o ABSOLUTE
    __ARM_use_no_argv                        0x00000000   Number         0  main.o ABSOLUTE
    __cpp_initialize__aeabi_                  - Undefined Weak Reference
    __cxa_finalize                            - Undefined Weak Reference
    __decompress                              - Undefined Weak Reference
    _clock_init                               - Undefined Weak Reference
    _microlib_exit                            - Undefined Weak Reference
    __Vectors_Size                           0x00000130   Number         0  startup_stm32f10x_hd.o ABSOLUTE
    __Vectors                                0x08000000   Data           4  startup_stm32f10x_hd.o(RESET)
    __Vectors_End                            0x08000130   Data           0  startup_stm32f10x_hd.o(RESET)
    __main                                   0x08000131   Thumb Code     0  entry.o(.ARM.Collect$$$$00000000)
    _main_stk                                0x08000131   Thumb Code     0  entry2.o(.ARM.Collect$$$$00000001)
    _main_scatterload                        0x08000135   Thumb Code     0  entry5.o(.ARM.Collect$$$$00000004)
    __main_after_scatterload                 0x08000139   Thumb Code     0  entry5.o(.ARM.Collect$$$$00000004)
    _main_clock                              0x08000139   Thumb Code     0  entry7b.o(.ARM.Collect$$$$00000008)
    _main_cpp_init                           0x08000139   Thumb Code     0  entry8b.o(.ARM.Collect$$$$0000000A)
    _main_init                               0x08000139   Thumb Code     0  entry9a.o(.ARM.Collect$$$$0000000B)
    __rt_final_cpp                           0x08000141   Thumb Code     0  entry10a.o(.ARM.Collect$$$$0000000D)
    __rt_final_exit                          0x08000141   Thumb Code     0  entry11a.o(.ARM.Collect$$$$0000000F)
    Reset_Handler                            0x08000145   Thumb Code     8  startup_stm32f10x_hd.o(.text)
    ADC1_2_IRQHandler                        0x0800015f   Thumb Code     0  startup_stm32f10x_hd.o(.text)
    ADC3_IRQHandler                          0x0800015f   Thumb Code     0  startup_stm32f10x_hd.o(.text)
    CAN1_RX1_IRQHandler                      0x0800015f   Thumb Code     0  startup_stm32f10x_hd.o(.text)
    CAN1_SCE_IRQHandler                      0x0800015f   Thumb Code     0  startup_stm32f10x_hd.o(.text)
    DMA1_Channel1_IRQHandler                 0x0800015f   Thumb Code     0  startup_stm32f10x_hd.o(.text)
    DMA1_Channel2_IRQHandler                 0x0800015f   Thumb Code     0  startup_stm32f10x_hd.o(.text)
    DMA1_Channel3_IRQHandler                 0x0800015f   Thumb Code     0  startup_stm32f10x_hd.o(.text)
    DMA1_Channel4_IRQHandler                 0x0800015f   Thumb Code     0  startup_stm32f10x_hd.o(.text)
    DMA1_Channel5_IRQHandler                 0x0800015f   Thumb Code     0  startup_stm32f10x_hd.o(.text)
    DMA1_Channel6_IRQHandler                 0x0800015f   Thumb Code     0  startup_stm32f10x_hd.o(.text)
    DMA1_Channel7_IRQHandler                 0x0800015f   Thumb Code     0  startup_stm32f10x_hd.o(.text)
    DMA2_Channel1_IRQHandler                 0x0800015f   Thumb Code     0  startup_stm32f10x_hd.o(.text)
    DMA2_Channel2_IRQHandler                 0x0800015f   Thumb Code     0  startup_stm32f10x_hd.o(.text)
    DMA2_Channel3_IRQHandler                 0x0800015f   Thumb Code     0  startup_stm32f10x_hd.o(.text)
    DMA2_Channel4_5_IRQHandler               0x0800015f   Thumb Code     0  startup_stm32f10x_hd.o(.text)
    EXTI0_IRQHandler                         0x0800015f   Thumb Code     0  startup_stm32f10x_hd.o(.text)
    EXTI15_10_IRQHandler                     0x0800015f   Thumb Code     0  startup_stm32f10x_hd.o(.text)
    EXTI1_IRQHandler                         0x0800015f   Thumb Code     0  startup_stm32f10x_hd.o(.text)
    EXTI2_IRQHandler                         0x0800015f   Thumb Code     0  startup_stm32f10x_hd.o(.text)
    EXTI3_IRQHandler                         0x0800015f   Thumb Code     0  startup_stm32f10x_hd.o(.text)
    EXTI4_IRQHandler                         0x0800015f   Thumb Code     0  startup_stm32f10x_hd.o(.text)
    EXTI9_5_IRQHandler                       0x0800015f   Thumb Code     0  startup_stm32f10x_hd.o(.text)
    FLASH_IRQHandler                         0x0800015f   Thumb Code     0  startup_stm32f10x_hd.o(.text)
    FSMC_IRQHandler                          0x0800015f   Thumb Code     0  startup_stm32f10x_hd.o(.text)
    I2C1_ER_IRQHandler                       0x0800015f   Thumb Code     0  startup_stm32f10x_hd.o(.text)
    I2C1_EV_IRQHandler                       0x0800015f   Thumb Code     0  startup_stm32f10x_hd.o(.text)
    I2C2_ER_IRQHandler                       0x0800015f   Thumb Code     0  startup_stm32f10x_hd.o(.text)
    I2C2_EV_IRQHandler                       0x0800015f   Thumb Code     0  startup_stm32f10x_hd.o(.text)
    PVD_IRQHandler                           0x0800015f   Thumb Code     0  startup_stm32f10x_hd.o(.text)
    RCC_IRQHandler                           0x0800015f   Thumb Code     0  startup_stm32f10x_hd.o(.text)
    RTCAlarm_IRQHandler                      0x0800015f   Thumb Code     0  startup_stm32f10x_hd.o(.text)
    RTC_IRQHandler                           0x0800015f   Thumb Code     0  startup_stm32f10x_hd.o(.text)
    SDIO_IRQHandler                          0x0800015f   Thumb Code     0  startup_stm32f10x_hd.o(.text)
    SPI1_IRQHandler                          0x0800015f   Thumb Code     0  startup_stm32f10x_hd.o(.text)
    SPI2_IRQHandler                          0x0800015f   Thumb Code     0  startup_stm32f10x_hd.o(.text)
    SPI3_IRQHandler                          0x0800015f   Thumb Code     0  startup_stm32f10x_hd.o(.text)
    TAMPER_IRQHandler                        0x0800015f   Thumb Code     0  startup_stm32f10x_hd.o(.text)
    TIM1_BRK_IRQHandler                      0x0800015f   Thumb Code     0  startup_stm32f10x_hd.o(.text)
    TIM1_CC_IRQHandler                       0x0800015f   Thumb Code     0  startup_stm32f10x_hd.o(.text)
    TIM1_TRG_COM_IRQHandler                  0x0800015f   Thumb Code     0  startup_stm32f10x_hd.o(.text)
    TIM1_UP_IRQHandler                       0x0800015f   Thumb Code     0  startup_stm32f10x_hd.o(.text)
    TIM2_IRQHandler                          0x0800015f   Thumb Code     0  startup_stm32f10x_hd.o(.text)
    TIM3_IRQHandler                          0x0800015f   Thumb Code     0  startup_stm32f10x_hd.o(.text)
    TIM4_IRQHandler                          0x0800015f   Thumb Code     0  startup_stm32f10x_hd.o(.text)
    TIM6_IRQHandler                          0x0800015f   Thumb Code     0  startup_stm32f10x_hd.o(.text)
    TIM7_IRQHandler                          0x0800015f   Thumb Code     0  startup_stm32f10x_hd.o(.text)
    TIM8_BRK_IRQHandler                      0x0800015f   Thumb Code     0  startup_stm32f10x_hd.o(.text)
    TIM8_CC_IRQHandler                       0x0800015f   Thumb Code     0  startup_stm32f10x_hd.o(.text)
    TIM8_TRG_COM_IRQHandler                  0x0800015f   Thumb Code     0  startup_stm32f10x_hd.o(.text)
    TIM8_UP_IRQHandler                       0x0800015f   Thumb Code     0  startup_stm32f10x_hd.o(.text)
    UART4_IRQHandler                         0x0800015f   Thumb Code     0  startup_stm32f10x_hd.o(.text)
    UART5_IRQHandler                         0x0800015f   Thumb Code     0  startup_stm32f10x_hd.o(.text)
    USART1_IRQHandler                        0x0800015f   Thumb Code     0  startup_stm32f10x_hd.o(.text)
    USART2_IRQHandler                        0x0800015f   Thumb Code     0  startup_stm32f10x_hd.o(.text)
    USART3_IRQHandler                        0x0800015f   Thumb Code     0  startup_stm32f10x_hd.o(.text)
    USBWakeUp_IRQHandler                     0x0800015f   Thumb Code     0  startup_stm32f10x_hd.o(.text)
    USB_HP_CAN1_TX_IRQHandler                0x0800015f   Thumb Code     0  startup_stm32f10x_hd.o(.text)
    USB_LP_CAN1_RX0_IRQHandler               0x0800015f   Thumb Code     0  startup_stm32f10x_hd.o(.text)
    WWDG_IRQHandler                          0x0800015f   Thumb Code     0  startup_stm32f10x_hd.o(.text)
    SystemInit                               0x08000247   Thumb Code    78  system_stm32f10x.o(.text)
    SystemCoreClockUpdate                    0x08000295   Thumb Code   142  system_stm32f10x.o(.text)
    NVIC_PriorityGroupConfig                 0x08000349   Thumb Code    10  misc.o(.text)
    NVIC_Init                                0x08000353   Thumb Code   100  misc.o(.text)
    NVIC_SetVectorTable                      0x080003b7   Thumb Code    14  misc.o(.text)
    NVIC_SystemLPConfig                      0x080003c5   Thumb Code    34  misc.o(.text)
    SysTick_CLKSourceConfig                  0x080003e7   Thumb Code    40  misc.o(.text)
    GPIO_DeInit                              0x08000425   Thumb Code   172  stm32f10x_gpio.o(.text)
    GPIO_AFIODeInit                          0x080004d1   Thumb Code    20  stm32f10x_gpio.o(.text)
    GPIO_Init                                0x080004e5   Thumb Code   278  stm32f10x_gpio.o(.text)
    GPIO_StructInit                          0x080005fb   Thumb Code    16  stm32f10x_gpio.o(.text)
    GPIO_ReadInputDataBit                    0x0800060b   Thumb Code    18  stm32f10x_gpio.o(.text)
    GPIO_ReadInputData                       0x0800061d   Thumb Code     8  stm32f10x_gpio.o(.text)
    GPIO_ReadOutputDataBit                   0x08000625   Thumb Code    18  stm32f10x_gpio.o(.text)
    GPIO_ReadOutputData                      0x08000637   Thumb Code     8  stm32f10x_gpio.o(.text)
    GPIO_SetBits                             0x0800063f   Thumb Code     4  stm32f10x_gpio.o(.text)
    GPIO_ResetBits                           0x08000643   Thumb Code     4  stm32f10x_gpio.o(.text)
    GPIO_WriteBit                            0x08000647   Thumb Code    10  stm32f10x_gpio.o(.text)
    GPIO_Write                               0x08000651   Thumb Code     4  stm32f10x_gpio.o(.text)
    GPIO_PinLockConfig                       0x08000655   Thumb Code    18  stm32f10x_gpio.o(.text)
    GPIO_EventOutputConfig                   0x08000667   Thumb Code    26  stm32f10x_gpio.o(.text)
    GPIO_EventOutputCmd                      0x08000681   Thumb Code     6  stm32f10x_gpio.o(.text)
    GPIO_PinRemapConfig                      0x08000687   Thumb Code   138  stm32f10x_gpio.o(.text)
    GPIO_EXTILineConfig                      0x08000711   Thumb Code    66  stm32f10x_gpio.o(.text)
    GPIO_ETH_MediaInterfaceConfig            0x08000753   Thumb Code     8  stm32f10x_gpio.o(.text)
    RCC_DeInit                               0x08000781   Thumb Code    64  stm32f10x_rcc.o(.text)
    RCC_HSEConfig                            0x080007c1   Thumb Code    70  stm32f10x_rcc.o(.text)
    RCC_GetFlagStatus                        0x08000807   Thumb Code    56  stm32f10x_rcc.o(.text)
    RCC_WaitForHSEStartUp                    0x0800083f   Thumb Code    56  stm32f10x_rcc.o(.text)
    RCC_AdjustHSICalibrationValue            0x08000877   Thumb Code    20  stm32f10x_rcc.o(.text)
    RCC_HSICmd                               0x0800088b   Thumb Code     6  stm32f10x_rcc.o(.text)
    RCC_PLLConfig                            0x08000891   Thumb Code    24  stm32f10x_rcc.o(.text)
    RCC_PLLCmd                               0x080008a9   Thumb Code     6  stm32f10x_rcc.o(.text)
    RCC_SYSCLKConfig                         0x080008af   Thumb Code    18  stm32f10x_rcc.o(.text)
    RCC_GetSYSCLKSource                      0x080008c1   Thumb Code    10  stm32f10x_rcc.o(.text)
    RCC_HCLKConfig                           0x080008cb   Thumb Code    18  stm32f10x_rcc.o(.text)
    RCC_PCLK1Config                          0x080008dd   Thumb Code    18  stm32f10x_rcc.o(.text)
    RCC_PCLK2Config                          0x080008ef   Thumb Code    20  stm32f10x_rcc.o(.text)
    RCC_ITConfig                             0x08000903   Thumb Code    26  stm32f10x_rcc.o(.text)
    RCC_USBCLKConfig                         0x0800091d   Thumb Code     8  stm32f10x_rcc.o(.text)
    RCC_ADCCLKConfig                         0x08000925   Thumb Code    18  stm32f10x_rcc.o(.text)
    RCC_LSEConfig                            0x08000937   Thumb Code    50  stm32f10x_rcc.o(.text)
    RCC_LSICmd                               0x08000969   Thumb Code     6  stm32f10x_rcc.o(.text)
    RCC_RTCCLKConfig                         0x0800096f   Thumb Code    12  stm32f10x_rcc.o(.text)
    RCC_RTCCLKCmd                            0x0800097b   Thumb Code     8  stm32f10x_rcc.o(.text)
    RCC_GetClocksFreq                        0x08000983   Thumb Code   192  stm32f10x_rcc.o(.text)
    RCC_AHBPeriphClockCmd                    0x08000a43   Thumb Code    26  stm32f10x_rcc.o(.text)
    RCC_APB2PeriphClockCmd                   0x08000a5d   Thumb Code    26  stm32f10x_rcc.o(.text)
    RCC_APB1PeriphClockCmd                   0x08000a77   Thumb Code    26  stm32f10x_rcc.o(.text)
    RCC_APB2PeriphResetCmd                   0x08000a91   Thumb Code    26  stm32f10x_rcc.o(.text)
    RCC_APB1PeriphResetCmd                   0x08000aab   Thumb Code    26  stm32f10x_rcc.o(.text)
    RCC_BackupResetCmd                       0x08000ac5   Thumb Code     8  stm32f10x_rcc.o(.text)
    RCC_ClockSecuritySystemCmd               0x08000acd   Thumb Code     6  stm32f10x_rcc.o(.text)
    RCC_MCOConfig                            0x08000ad3   Thumb Code     6  stm32f10x_rcc.o(.text)
    RCC_ClearFlag                            0x08000ad9   Thumb Code    14  stm32f10x_rcc.o(.text)
    RCC_GetITStatus                          0x08000ae7   Thumb Code    20  stm32f10x_rcc.o(.text)
    RCC_ClearITPendingBit                    0x08000afb   Thumb Code     6  stm32f10x_rcc.o(.text)
    TIM_DeInit                               0x08000b25   Thumb Code   424  stm32f10x_tim.o(.text)
    TIM_TimeBaseInit                         0x08000ccd   Thumb Code   122  stm32f10x_tim.o(.text)
    TIM_OC1Init                              0x08000d47   Thumb Code   132  stm32f10x_tim.o(.text)
    TIM_OC2Init                              0x08000dcb   Thumb Code   154  stm32f10x_tim.o(.text)
    TIM_OC3Init                              0x08000e65   Thumb Code   150  stm32f10x_tim.o(.text)
    TIM_OC4Init                              0x08000efb   Thumb Code   182  stm32f10x_tim.o(.text)
    TIM_SetIC4Prescaler                      0x08000fb1   Thumb Code    26  stm32f10x_tim.o(.text)
    TIM_SetIC3Prescaler                      0x0800104d   Thumb Code    18  stm32f10x_tim.o(.text)
    TIM_SetIC2Prescaler                      0x080010d9   Thumb Code    26  stm32f10x_tim.o(.text)
    TIM_SetIC1Prescaler                      0x08001175   Thumb Code    18  stm32f10x_tim.o(.text)
    TIM_ICInit                               0x080011f3   Thumb Code   150  stm32f10x_tim.o(.text)
    TIM_PWMIConfig                           0x08001289   Thumb Code   124  stm32f10x_tim.o(.text)
    TIM_BDTRConfig                           0x08001305   Thumb Code    32  stm32f10x_tim.o(.text)
    TIM_TimeBaseStructInit                   0x08001325   Thumb Code    18  stm32f10x_tim.o(.text)
    TIM_OCStructInit                         0x08001337   Thumb Code    20  stm32f10x_tim.o(.text)
    TIM_ICStructInit                         0x0800134b   Thumb Code    18  stm32f10x_tim.o(.text)
    TIM_BDTRStructInit                       0x0800135d   Thumb Code    40  stm32f10x_tim.o(.text)
    TIM_Cmd                                  0x08001385   Thumb Code    24  stm32f10x_tim.o(.text)
    TIM_CtrlPWMOutputs                       0x0800139d   Thumb Code    30  stm32f10x_tim.o(.text)
    TIM_ITConfig                             0x080013bb   Thumb Code    18  stm32f10x_tim.o(.text)
    TIM_GenerateEvent                        0x080013cd   Thumb Code     4  stm32f10x_tim.o(.text)
    TIM_DMAConfig                            0x080013d1   Thumb Code    10  stm32f10x_tim.o(.text)
    TIM_DMACmd                               0x080013db   Thumb Code    18  stm32f10x_tim.o(.text)
    TIM_InternalClockConfig                  0x080013ed   Thumb Code    12  stm32f10x_tim.o(.text)
    TIM_SelectInputTrigger                   0x080013f9   Thumb Code    18  stm32f10x_tim.o(.text)
    TIM_ITRxExternalClockConfig              0x0800140b   Thumb Code    24  stm32f10x_tim.o(.text)
    TIM_TIxExternalClockConfig               0x08001423   Thumb Code    62  stm32f10x_tim.o(.text)
    TIM_ETRConfig                            0x08001461   Thumb Code    28  stm32f10x_tim.o(.text)
    TIM_ETRClockMode1Config                  0x0800147d   Thumb Code    54  stm32f10x_tim.o(.text)
    TIM_ETRClockMode2Config                  0x080014b3   Thumb Code    32  stm32f10x_tim.o(.text)
    TIM_PrescalerConfig                      0x080014d3   Thumb Code     6  stm32f10x_tim.o(.text)
    TIM_CounterModeConfig                    0x080014d9   Thumb Code    18  stm32f10x_tim.o(.text)
    TIM_EncoderInterfaceConfig               0x080014eb   Thumb Code    66  stm32f10x_tim.o(.text)
    TIM_ForcedOC1Config                      0x0800152d   Thumb Code    18  stm32f10x_tim.o(.text)
    TIM_ForcedOC2Config                      0x0800153f   Thumb Code    26  stm32f10x_tim.o(.text)
    TIM_ForcedOC3Config                      0x08001559   Thumb Code    18  stm32f10x_tim.o(.text)
    TIM_ForcedOC4Config                      0x0800156b   Thumb Code    26  stm32f10x_tim.o(.text)
    TIM_ARRPreloadConfig                     0x08001585   Thumb Code    24  stm32f10x_tim.o(.text)
    TIM_SelectCOM                            0x0800159d   Thumb Code    24  stm32f10x_tim.o(.text)
    TIM_SelectCCDMA                          0x080015b5   Thumb Code    24  stm32f10x_tim.o(.text)
    TIM_CCPreloadControl                     0x080015cd   Thumb Code    24  stm32f10x_tim.o(.text)
    TIM_OC1PreloadConfig                     0x080015e5   Thumb Code    18  stm32f10x_tim.o(.text)
    TIM_OC2PreloadConfig                     0x080015f7   Thumb Code    26  stm32f10x_tim.o(.text)
    TIM_OC3PreloadConfig                     0x08001611   Thumb Code    18  stm32f10x_tim.o(.text)
    TIM_OC4PreloadConfig                     0x08001623   Thumb Code    26  stm32f10x_tim.o(.text)
    TIM_OC1FastConfig                        0x0800163d   Thumb Code    18  stm32f10x_tim.o(.text)
    TIM_OC2FastConfig                        0x0800164f   Thumb Code    26  stm32f10x_tim.o(.text)
    TIM_OC3FastConfig                        0x08001669   Thumb Code    18  stm32f10x_tim.o(.text)
    TIM_OC4FastConfig                        0x0800167b   Thumb Code    26  stm32f10x_tim.o(.text)
    TIM_ClearOC1Ref                          0x08001695   Thumb Code    18  stm32f10x_tim.o(.text)
    TIM_ClearOC2Ref                          0x080016a7   Thumb Code    24  stm32f10x_tim.o(.text)
    TIM_ClearOC3Ref                          0x080016bf   Thumb Code    18  stm32f10x_tim.o(.text)
    TIM_ClearOC4Ref                          0x080016d1   Thumb Code    24  stm32f10x_tim.o(.text)
    TIM_OC1PolarityConfig                    0x080016e9   Thumb Code    18  stm32f10x_tim.o(.text)
    TIM_OC1NPolarityConfig                   0x080016fb   Thumb Code    18  stm32f10x_tim.o(.text)
    TIM_OC2PolarityConfig                    0x0800170d   Thumb Code    26  stm32f10x_tim.o(.text)
    TIM_OC2NPolarityConfig                   0x08001727   Thumb Code    26  stm32f10x_tim.o(.text)
    TIM_OC3PolarityConfig                    0x08001741   Thumb Code    26  stm32f10x_tim.o(.text)
    TIM_OC3NPolarityConfig                   0x0800175b   Thumb Code    26  stm32f10x_tim.o(.text)
    TIM_OC4PolarityConfig                    0x08001775   Thumb Code    26  stm32f10x_tim.o(.text)
    TIM_CCxCmd                               0x0800178f   Thumb Code    30  stm32f10x_tim.o(.text)
    TIM_CCxNCmd                              0x080017ad   Thumb Code    30  stm32f10x_tim.o(.text)
    TIM_SelectOCxM                           0x080017cb   Thumb Code    82  stm32f10x_tim.o(.text)
    TIM_UpdateDisableConfig                  0x0800181d   Thumb Code    24  stm32f10x_tim.o(.text)
    TIM_UpdateRequestConfig                  0x08001835   Thumb Code    24  stm32f10x_tim.o(.text)
    TIM_SelectHallSensor                     0x0800184d   Thumb Code    24  stm32f10x_tim.o(.text)
    TIM_SelectOnePulseMode                   0x08001865   Thumb Code    18  stm32f10x_tim.o(.text)
    TIM_SelectOutputTrigger                  0x08001877   Thumb Code    18  stm32f10x_tim.o(.text)
    TIM_SelectSlaveMode                      0x08001889   Thumb Code    18  stm32f10x_tim.o(.text)
    TIM_SelectMasterSlaveMode                0x0800189b   Thumb Code    18  stm32f10x_tim.o(.text)
    TIM_SetCounter                           0x080018ad   Thumb Code     4  stm32f10x_tim.o(.text)
    TIM_SetAutoreload                        0x080018b1   Thumb Code     4  stm32f10x_tim.o(.text)
    TIM_SetCompare1                          0x080018b5   Thumb Code     4  stm32f10x_tim.o(.text)
    TIM_SetCompare2                          0x080018b9   Thumb Code     4  stm32f10x_tim.o(.text)
    TIM_SetCompare3                          0x080018bd   Thumb Code     4  stm32f10x_tim.o(.text)
    TIM_SetCompare4                          0x080018c1   Thumb Code     6  stm32f10x_tim.o(.text)
    TIM_SetClockDivision                     0x080018c7   Thumb Code    18  stm32f10x_tim.o(.text)
    TIM_GetCapture1                          0x080018d9   Thumb Code     6  stm32f10x_tim.o(.text)
    TIM_GetCapture2                          0x080018df   Thumb Code     6  stm32f10x_tim.o(.text)
    TIM_GetCapture3                          0x080018e5   Thumb Code     6  stm32f10x_tim.o(.text)
    TIM_GetCapture4                          0x080018eb   Thumb Code     8  stm32f10x_tim.o(.text)
    TIM_GetCounter                           0x080018f3   Thumb Code     6  stm32f10x_tim.o(.text)
    TIM_GetPrescaler                         0x080018f9   Thumb Code     6  stm32f10x_tim.o(.text)
    TIM_GetFlagStatus                        0x080018ff   Thumb Code    18  stm32f10x_tim.o(.text)
    TIM_ClearFlag                            0x08001911   Thumb Code     6  stm32f10x_tim.o(.text)
    TIM_GetITStatus                          0x08001917   Thumb Code    34  stm32f10x_tim.o(.text)
    TIM_ClearITPendingBit                    0x08001939   Thumb Code     6  stm32f10x_tim.o(.text)
    main                                     0x08001941   Thumb Code    80  main.o(.text)
    NMI_Handler                              0x08001995   Thumb Code     2  stm32f10x_it.o(.text)
    HardFault_Handler                        0x08001997   Thumb Code     4  stm32f10x_it.o(.text)
    MemManage_Handler                        0x0800199b   Thumb Code     4  stm32f10x_it.o(.text)
    BusFault_Handler                         0x0800199f   Thumb Code     4  stm32f10x_it.o(.text)
    UsageFault_Handler                       0x080019a3   Thumb Code     4  stm32f10x_it.o(.text)
    SVC_Handler                              0x080019a7   Thumb Code     2  stm32f10x_it.o(.text)
    DebugMon_Handler                         0x080019a9   Thumb Code     2  stm32f10x_it.o(.text)
    PendSV_Handler                           0x080019ab   Thumb Code     2  stm32f10x_it.o(.text)
    SysTick_Handler                          0x080019ad   Thumb Code     8  stm32f10x_it.o(.text)
    SysTick_Init                             0x08001a01   Thumb Code    26  bsp_systick.o(.text)
    Delay_us                                 0x08001a1b   Thumb Code    36  bsp_systick.o(.text)
    TimingDelay_Decrement                    0x08001a3f   Thumb Code    18  bsp_systick.o(.text)
    SysTick_Delay_Us                         0x08001a51   Thumb Code    64  bsp_systick.o(.text)
    SysTick_Delay_Ms                         0x08001a91   Thumb Code    66  bsp_systick.o(.text)
    PWM_OutPut_TIM_Init                      0x08001c4f   Thumb Code    20  bsp_generaltim.o(.text)
    TIMING_TIM_Init                          0x08001c63   Thumb Code    96  bsp_generaltim.o(.text)
    Motor_Init                               0x08001cd5   Thumb Code    16  bsp_motor.o(.text)
    Servo_Init                               0x08001ce5   Thumb Code   162  bsp_motor.o(.text)
    Set_Pwm                                  0x08001d87   Thumb Code   110  bsp_motor.o(.text)
    Map_V2Pwm                                0x08001df5   Thumb Code    42  bsp_motor.o(.text)
    OLED_WR_Byte                             0x08001e41   Thumb Code    80  bsp_oled.o(.text)
    OLED_Refresh_Gram                        0x08001e91   Thumb Code    70  bsp_oled.o(.text)
    OLED_Display_On                          0x08001ed7   Thumb Code    28  bsp_oled.o(.text)
    OLED_Display_Off                         0x08001ef3   Thumb Code    28  bsp_oled.o(.text)
    OLED_Clear                               0x08001f0f   Thumb Code    42  bsp_oled.o(.text)
    OLED_DrawPoint                           0x08001f39   Thumb Code   100  bsp_oled.o(.text)
    OLED_ShowChar                            0x08001f9d   Thumb Code   158  bsp_oled.o(.text)
    oled_pow                                 0x0800203b   Thumb Code    22  bsp_oled.o(.text)
    OLED_ShowNumber                          0x08002051   Thumb Code   148  bsp_oled.o(.text)
    OLED_ShowString                          0x080020e5   Thumb Code    68  bsp_oled.o(.text)
    OLED_Init                                0x08002129   Thumb Code   398  bsp_oled.o(.text)
    OLED_Refresh_GRAM_Line                   0x080022b7   Thumb Code    48  bsp_oled.o(.text)
    PS2_Init                                 0x080022ed   Thumb Code   118  pstwo.o(.text)
    PS2_Cmd                                  0x08002363   Thumb Code   130  pstwo.o(.text)
    PS2_RedLight                             0x080023e5   Thumb Code    50  pstwo.o(.text)
    PS2_ReadData                             0x08002417   Thumb Code   168  pstwo.o(.text)
    PS2_ClearData                            0x080024bf   Thumb Code    20  pstwo.o(.text)
    PS2_DataKey                              0x080024d3   Thumb Code    70  pstwo.o(.text)
    PS2_AnologData                           0x08002519   Thumb Code     8  pstwo.o(.text)
    PS2_Vibration                            0x08002521   Thumb Code    90  pstwo.o(.text)
    PS2_ShortPoll                            0x0800257b   Thumb Code    62  pstwo.o(.text)
    PS2_EnterConfing                         0x080025b9   Thumb Code    86  pstwo.o(.text)
    PS2_TurnOnAnalogMode                     0x0800260f   Thumb Code    80  pstwo.o(.text)
    PS2_VibrationMode                        0x0800265f   Thumb Code    62  pstwo.o(.text)
    PS2_ExitConfing                          0x0800269d   Thumb Code   124  pstwo.o(.text)
    PS2_SetInit                              0x08002719   Thumb Code    28  pstwo.o(.text)
    PS2_Read                                 0x08002735   Thumb Code   118  pstwo.o(.text)
    JTAG_Set                                 0x080027dd   Thumb Code    38  bsp_beep.o(.text)
    BEEP_GPIO_Config                         0x08002803   Thumb Code    62  bsp_beep.o(.text)
    Buzzer_Alarm                             0x08002841   Thumb Code    52  bsp_beep.o(.text)
    PWM_Limit                                0x08002885   Thumb Code    42  control.o(.text)
    Get_Motor_PWM                            0x080028af   Thumb Code    72  control.o(.text)
    target_limit_int                         0x080028f7   Thumb Code    22  control.o(.text)
    target_limit_float                       0x0800290d   Thumb Code    40  control.o(.text)
    Get_Target_Encoder                       0x08002935   Thumb Code   454  control.o(.text)
    PS2_Control                              0x08002afb   Thumb Code   338  control.o(.text)
    TIM5_IRQHandler                          0x08002c4d   Thumb Code   256  control.o(.text)
    Car_Perimeter_Init                       0x08002d4d   Thumb Code    64  control.o(.text)
    Show                                     0x08002db1   Thumb Code   240  show.o(.text)
    myabs                                    0x08002ea1   Thumb Code    16  show.o(.text)
    __aeabi_memset                           0x08002ee5   Thumb Code    14  memseta.o(.text)
    __aeabi_memset4                          0x08002ee5   Thumb Code     0  memseta.o(.text)
    __aeabi_memset8                          0x08002ee5   Thumb Code     0  memseta.o(.text)
    __aeabi_memclr                           0x08002ef3   Thumb Code     4  memseta.o(.text)
    __aeabi_memclr4                          0x08002ef3   Thumb Code     0  memseta.o(.text)
    __aeabi_memclr8                          0x08002ef3   Thumb Code     0  memseta.o(.text)
    _memset$wrapper                          0x08002ef7   Thumb Code    18  memseta.o(.text)
    __aeabi_fadd                             0x08002f09   Thumb Code   164  fadd.o(.text)
    __aeabi_fsub                             0x08002fad   Thumb Code     6  fadd.o(.text)
    __aeabi_frsub                            0x08002fb3   Thumb Code     6  fadd.o(.text)
    __aeabi_fmul                             0x08002fb9   Thumb Code   100  fmul.o(.text)
    __aeabi_fdiv                             0x0800301d   Thumb Code   124  fdiv.o(.text)
    __aeabi_dadd                             0x08003099   Thumb Code   322  dadd.o(.text)
    __aeabi_dsub                             0x080031db   Thumb Code     6  dadd.o(.text)
    __aeabi_drsub                            0x080031e1   Thumb Code     6  dadd.o(.text)
    __aeabi_dmul                             0x080031e7   Thumb Code   228  dmul.o(.text)
    __aeabi_ddiv                             0x080032cb   Thumb Code   222  ddiv.o(.text)
    __aeabi_i2f                              0x080033a9   Thumb Code    18  fflti.o(.text)
    __aeabi_f2iz                             0x080033bb   Thumb Code    50  ffixi.o(.text)
    __aeabi_f2uiz                            0x080033ed   Thumb Code    40  ffixui.o(.text)
    __aeabi_d2iz                             0x08003415   Thumb Code    62  dfixi.o(.text)
    __aeabi_f2d                              0x08003453   Thumb Code    38  f2d.o(.text)
    __aeabi_d2f                              0x08003479   Thumb Code    56  d2f.o(.text)
    __aeabi_cfcmpeq                          0x080034b1   Thumb Code     0  cfcmple.o(.text)
    __aeabi_cfcmple                          0x080034b1   Thumb Code    20  cfcmple.o(.text)
    __aeabi_cfrcmple                         0x080034c5   Thumb Code    20  cfrcmple.o(.text)
    __aeabi_llsl                             0x080034d9   Thumb Code    30  llshl.o(.text)
    _ll_shift_l                              0x080034d9   Thumb Code     0  llshl.o(.text)
    __aeabi_llsr                             0x080034f7   Thumb Code    32  llushr.o(.text)
    _ll_ushift_r                             0x080034f7   Thumb Code     0  llushr.o(.text)
    __aeabi_lasr                             0x08003517   Thumb Code    36  llsshr.o(.text)
    _ll_sshift_r                             0x08003517   Thumb Code     0  llsshr.o(.text)
    __I$use$fp                               0x0800353b   Thumb Code     0  iusefp.o(.text)
    _float_round                             0x0800353b   Thumb Code    18  fepilogue.o(.text)
    _float_epilogue                          0x0800354d   Thumb Code    92  fepilogue.o(.text)
    _double_round                            0x080035a9   Thumb Code    30  depilogue.o(.text)
    _double_epilogue                         0x080035c7   Thumb Code   156  depilogue.o(.text)
    __ARM_scalbn                             0x08003663   Thumb Code    46  dscalb.o(.text)
    scalbn                                   0x08003663   Thumb Code     0  dscalb.o(.text)
    __aeabi_i2d                              0x08003691   Thumb Code    34  dflti.o(.text)
    __aeabi_cdrcmple                         0x080036b5   Thumb Code    48  cdrcmple.o(.text)
    __scatterload                            0x080036e5   Thumb Code    28  init.o(.text)
    __scatterload_rt2                        0x080036e5   Thumb Code     0  init.o(.text)
    _dsqrt                                   0x08003709   Thumb Code   162  dsqrt.o(.text)
    __aeabi_ui2d                             0x080037ab   Thumb Code    26  dfltui.o(.text)
    __ARM_fpclassify                         0x080037c5   Thumb Code    40  fpclassify.o(i.__ARM_fpclassify)
    __ieee754_rem_pio2                       0x080037ed   Thumb Code   828  rred.o(i.__ieee754_rem_pio2)
    __kernel_poly                            0x08003b75   Thumb Code   170  poly.o(i.__kernel_poly)
    __kernel_tan                             0x08003c21   Thumb Code   586  tan_i.o(i.__kernel_tan)
    __mathlib_dbl_divzero                    0x08003e9d   Thumb Code    12  dunder.o(i.__mathlib_dbl_divzero)
    __mathlib_dbl_infnan                     0x08003ead   Thumb Code     6  dunder.o(i.__mathlib_dbl_infnan)
    __mathlib_dbl_infnan2                    0x08003eb3   Thumb Code     4  dunder.o(i.__mathlib_dbl_infnan2)
    __mathlib_dbl_invalid                    0x08003eb7   Thumb Code    12  dunder.o(i.__mathlib_dbl_invalid)
    __mathlib_dbl_overflow                   0x08003ec3   Thumb Code    14  dunder.o(i.__mathlib_dbl_overflow)
    __mathlib_dbl_underflow                  0x08003ed1   Thumb Code    10  dunder.o(i.__mathlib_dbl_underflow)
    __scatterload_copy                       0x08003ee1   Thumb Code    14  handlers.o(i.__scatterload_copy)
    __scatterload_null                       0x08003eef   Thumb Code     2  handlers.o(i.__scatterload_null)
    __scatterload_zeroinit                   0x08003ef1   Thumb Code    14  handlers.o(i.__scatterload_zeroinit)
    __set_errno                              0x08003f01   Thumb Code     6  errno.o(i.__set_errno)
    pow                                      0x08003f0d   Thumb Code  2512  pow.o(i.pow)
    sqrt                                     0x080048e5   Thumb Code    76  sqrt.o(i.sqrt)
    tan                                      0x08004931   Thumb Code    90  tan.o(i.tan)
    __mathlib_zero                           0x08005480   Data           8  qnan.o(.constdata)
    Region$$Table$$Base                      0x080055b0   Number         0  anon$$obj.o(Region$$Table)
    Region$$Table$$Limit                     0x080055d0   Number         0  anon$$obj.o(Region$$Table)
    SystemCoreClock                          0x20000000   Data           4  system_stm32f10x.o(.data)
    AHBPrescTable                            0x20000004   Data          16  system_stm32f10x.o(.data)
    Car_Num                                  0x20000028   Data           1  main.o(.data)
    Flag_Show                                0x20000029   Data           1  main.o(.data)
    Perimeter                                0x2000002c   Data           4  main.o(.data)
    Wheelspacing                             0x20000030   Data           4  main.o(.data)
    PS2_ON_Flag                              0x20000034   Data           1  main.o(.data)
    counter                                  0x20000038   Data           4  main.o(.data)
    my_start                                 0x20000040   Data           4  pstwo.o(.data)
    Handkey                                  0x20000044   Data           2  pstwo.o(.data)
    Comd                                     0x20000046   Data           2  pstwo.o(.data)
    MASK                                     0x20000048   Data          32  pstwo.o(.data)
    PS2_LX                                   0x20000068   Data           4  pstwo.o(.data)
    PS2_LY                                   0x2000006c   Data           4  pstwo.o(.data)
    PS2_RX                                   0x20000070   Data           4  pstwo.o(.data)
    PS2_RY                                   0x20000074   Data           4  pstwo.o(.data)
    PS2_KEY                                  0x20000078   Data           4  pstwo.o(.data)
    Move_X                                   0x20000084   Data           4  control.o(.data)
    Move_Z                                   0x20000088   Data           4  control.o(.data)
    PWM_Left                                 0x2000008c   Data           4  control.o(.data)
    PWM_Right                                0x20000090   Data           4  control.o(.data)
    RC_Velocity                              0x20000094   Data           4  control.o(.data)
    RC_Turn_Velocity                         0x20000098   Data           4  control.o(.data)
    Mode                                     0x2000009c   Data           1  control.o(.data)
    Servo_PWM                                0x200000a0   Data           4  control.o(.data)
    My_MotorA                                0x200000a4   Data           8  control.o(.data)
    My_MotorB                                0x200000ac   Data           8  control.o(.data)
    OLED_GRAM                                0x200000bc   Data        1024  bsp_oled.o(.bss)
    Data                                     0x200004bc   Data           9  pstwo.o(.bss)
    __initial_sp                             0x200008c8   Data           0  startup_stm32f10x_hd.o(STACK)



==============================================================================

Memory Map of the image

  Image Entry point : 0x08000131

  Load Region LR_IROM1 (Base: 0x08000000, Size: 0x0000568c, Max: 0x00040000, ABSOLUTE)

    Execution Region ER_IROM1 (Exec base: 0x08000000, Load base: 0x08000000, Size: 0x000055d0, Max: 0x00040000, ABSOLUTE)

    Exec Addr    Load Addr    Size         Type   Attr      Idx    E Section Name        Object

    0x08000000   0x08000000   0x00000130   Data   RO            3    RESET               startup_stm32f10x_hd.o
    0x08000130   0x08000130   0x00000000   Code   RO          664  * .ARM.Collect$$$$00000000  mc_w.l(entry.o)
    0x08000130   0x08000130   0x00000004   Code   RO          735    .ARM.Collect$$$$00000001  mc_w.l(entry2.o)
    0x08000134   0x08000134   0x00000004   Code   RO          738    .ARM.Collect$$$$00000004  mc_w.l(entry5.o)
    0x08000138   0x08000138   0x00000000   Code   RO          740    .ARM.Collect$$$$00000008  mc_w.l(entry7b.o)
    0x08000138   0x08000138   0x00000000   Code   RO          742    .ARM.Collect$$$$0000000A  mc_w.l(entry8b.o)
    0x08000138   0x08000138   0x00000008   Code   RO          743    .ARM.Collect$$$$0000000B  mc_w.l(entry9a.o)
    0x08000140   0x08000140   0x00000000   Code   RO          745    .ARM.Collect$$$$0000000D  mc_w.l(entry10a.o)
    0x08000140   0x08000140   0x00000000   Code   RO          747    .ARM.Collect$$$$0000000F  mc_w.l(entry11a.o)
    0x08000140   0x08000140   0x00000004   Code   RO          736    .ARM.Collect$$$$00002712  mc_w.l(entry2.o)
    0x08000144   0x08000144   0x00000024   Code   RO            4    .text               startup_stm32f10x_hd.o
    0x08000168   0x08000168   0x000001e0   Code   RO           24    .text               system_stm32f10x.o
    0x08000348   0x08000348   0x000000dc   Code   RO          121    .text               misc.o
    0x08000424   0x08000424   0x0000035c   Code   RO          269    .text               stm32f10x_gpio.o
    0x08000780   0x08000780   0x000003a4   Code   RO          317    .text               stm32f10x_rcc.o
    0x08000b24   0x08000b24   0x00000e1a   Code   RO          367    .text               stm32f10x_tim.o
    0x0800193e   0x0800193e   0x00000002   PAD
    0x08001940   0x08001940   0x00000054   Code   RO          403    .text               main.o
    0x08001994   0x08001994   0x00000020   Code   RO          464    .text               stm32f10x_it.o
    0x080019b4   0x080019b4   0x00000138   Code   RO          479    .text               bsp_systick.o
    0x08001aec   0x08001aec   0x000001e8   Code   RO          497    .text               bsp_generaltim.o
    0x08001cd4   0x08001cd4   0x0000016c   Code   RO          535    .text               bsp_motor.o
    0x08001e40   0x08001e40   0x000004ac   Code   RO          552    .text               bsp_oled.o
    0x080022ec   0x080022ec   0x000004f0   Code   RO          571    .text               pstwo.o
    0x080027dc   0x080027dc   0x000000a8   Code   RO          591    .text               bsp_beep.o
    0x08002884   0x08002884   0x0000052c   Code   RO          606    .text               control.o
    0x08002db0   0x08002db0   0x00000134   Code   RO          625    .text               show.o
    0x08002ee4   0x08002ee4   0x00000024   Code   RO          667    .text               mc_w.l(memseta.o)
    0x08002f08   0x08002f08   0x000000b0   Code   RO          669    .text               mf_w.l(fadd.o)
    0x08002fb8   0x08002fb8   0x00000064   Code   RO          671    .text               mf_w.l(fmul.o)
    0x0800301c   0x0800301c   0x0000007c   Code   RO          673    .text               mf_w.l(fdiv.o)
    0x08003098   0x08003098   0x0000014e   Code   RO          675    .text               mf_w.l(dadd.o)
    0x080031e6   0x080031e6   0x000000e4   Code   RO          677    .text               mf_w.l(dmul.o)
    0x080032ca   0x080032ca   0x000000de   Code   RO          679    .text               mf_w.l(ddiv.o)
    0x080033a8   0x080033a8   0x00000012   Code   RO          681    .text               mf_w.l(fflti.o)
    0x080033ba   0x080033ba   0x00000032   Code   RO          683    .text               mf_w.l(ffixi.o)
    0x080033ec   0x080033ec   0x00000028   Code   RO          685    .text               mf_w.l(ffixui.o)
    0x08003414   0x08003414   0x0000003e   Code   RO          687    .text               mf_w.l(dfixi.o)
    0x08003452   0x08003452   0x00000026   Code   RO          689    .text               mf_w.l(f2d.o)
    0x08003478   0x08003478   0x00000038   Code   RO          691    .text               mf_w.l(d2f.o)
    0x080034b0   0x080034b0   0x00000014   Code   RO          693    .text               mf_w.l(cfcmple.o)
    0x080034c4   0x080034c4   0x00000014   Code   RO          695    .text               mf_w.l(cfrcmple.o)
    0x080034d8   0x080034d8   0x0000001e   Code   RO          749    .text               mc_w.l(llshl.o)
    0x080034f6   0x080034f6   0x00000020   Code   RO          751    .text               mc_w.l(llushr.o)
    0x08003516   0x08003516   0x00000024   Code   RO          753    .text               mc_w.l(llsshr.o)
    0x0800353a   0x0800353a   0x00000000   Code   RO          762    .text               mc_w.l(iusefp.o)
    0x0800353a   0x0800353a   0x0000006e   Code   RO          763    .text               mf_w.l(fepilogue.o)
    0x080035a8   0x080035a8   0x000000ba   Code   RO          765    .text               mf_w.l(depilogue.o)
    0x08003662   0x08003662   0x0000002e   Code   RO          767    .text               mf_w.l(dscalb.o)
    0x08003690   0x08003690   0x00000022   Code   RO          769    .text               mf_w.l(dflti.o)
    0x080036b2   0x080036b2   0x00000002   PAD
    0x080036b4   0x080036b4   0x00000030   Code   RO          771    .text               mf_w.l(cdrcmple.o)
    0x080036e4   0x080036e4   0x00000024   Code   RO          773    .text               mc_w.l(init.o)
    0x08003708   0x08003708   0x000000a2   Code   RO          775    .text               mf_w.l(dsqrt.o)
    0x080037aa   0x080037aa   0x0000001a   Code   RO          777    .text               mf_w.l(dfltui.o)
    0x080037c4   0x080037c4   0x00000028   Code   RO          711    i.__ARM_fpclassify  m_ws.l(fpclassify.o)
    0x080037ec   0x080037ec   0x00000388   Code   RO          716    i.__ieee754_rem_pio2  m_ws.l(rred.o)
    0x08003b74   0x08003b74   0x000000aa   Code   RO          713    i.__kernel_poly     m_ws.l(poly.o)
    0x08003c1e   0x08003c1e   0x00000002   PAD
    0x08003c20   0x08003c20   0x0000027c   Code   RO          729    i.__kernel_tan      m_ws.l(tan_i.o)
    0x08003e9c   0x08003e9c   0x00000010   Code   RO          697    i.__mathlib_dbl_divzero  m_ws.l(dunder.o)
    0x08003eac   0x08003eac   0x00000006   Code   RO          698    i.__mathlib_dbl_infnan  m_ws.l(dunder.o)
    0x08003eb2   0x08003eb2   0x00000004   Code   RO          699    i.__mathlib_dbl_infnan2  m_ws.l(dunder.o)
    0x08003eb6   0x08003eb6   0x0000000c   Code   RO          700    i.__mathlib_dbl_invalid  m_ws.l(dunder.o)
    0x08003ec2   0x08003ec2   0x0000000e   Code   RO          701    i.__mathlib_dbl_overflow  m_ws.l(dunder.o)
    0x08003ed0   0x08003ed0   0x00000010   Code   RO          703    i.__mathlib_dbl_underflow  m_ws.l(dunder.o)
    0x08003ee0   0x08003ee0   0x0000000e   Code   RO          783    i.__scatterload_copy  mc_w.l(handlers.o)
    0x08003eee   0x08003eee   0x00000002   Code   RO          784    i.__scatterload_null  mc_w.l(handlers.o)
    0x08003ef0   0x08003ef0   0x0000000e   Code   RO          785    i.__scatterload_zeroinit  mc_w.l(handlers.o)
    0x08003efe   0x08003efe   0x00000002   PAD
    0x08003f00   0x08003f00   0x0000000c   Code   RO          757    i.__set_errno       mc_w.l(errno.o)
    0x08003f0c   0x08003f0c   0x000009d8   Code   RO          647    i.pow               m_ws.l(pow.o)
    0x080048e4   0x080048e4   0x0000004c   Code   RO          722    i.sqrt              m_ws.l(sqrt.o)
    0x08004930   0x08004930   0x00000064   Code   RO          657    i.tan               m_ws.l(tan.o)
    0x08004994   0x08004994   0x00000a64   Data   RO          554    .constdata          bsp_oled.o
    0x080053f8   0x080053f8   0x00000088   Data   RO          648    .constdata          m_ws.l(pow.o)
    0x08005480   0x08005480   0x00000008   Data   RO          715    .constdata          m_ws.l(qnan.o)
    0x08005488   0x08005488   0x000000c8   Data   RO          718    .constdata          m_ws.l(rred.o)
    0x08005550   0x08005550   0x00000060   Data   RO          730    .constdata          m_ws.l(tan_i.o)
    0x080055b0   0x080055b0   0x00000020   Data   RO          781    Region$$Table       anon$$obj.o


    Execution Region RW_IRAM1 (Exec base: 0x20000000, Load base: 0x080055d0, Size: 0x000008c8, Max: 0x0000c000, ABSOLUTE)

    Exec Addr    Load Addr    Size         Type   Attr      Idx    E Section Name        Object

    0x20000000   0x080055d0   0x00000014   Data   RW           25    .data               system_stm32f10x.o
    0x20000014   0x080055e4   0x00000014   Data   RW          318    .data               stm32f10x_rcc.o
    0x20000028   0x080055f8   0x00000014   Data   RW          405    .data               main.o
    0x2000003c   0x0800560c   0x00000004   Data   RW          480    .data               bsp_systick.o
    0x20000040   0x08005610   0x00000040   Data   RW          574    .data               pstwo.o
    0x20000080   0x08005650   0x00000004   Data   RW          593    .data               bsp_beep.o
    0x20000084   0x08005654   0x00000032   Data   RW          608    .data               control.o
    0x200000b6   0x08005686   0x00000002   PAD
    0x200000b8   0x08005688   0x00000004   Data   RW          758    .data               mc_w.l(errno.o)
    0x200000bc        -       0x00000400   Zero   RW          553    .bss                bsp_oled.o
    0x200004bc        -       0x00000009   Zero   RW          572    .bss                pstwo.o
    0x200004c5   0x0800568c   0x00000003   PAD
    0x200004c8        -       0x00000400   Zero   RW            1    STACK               startup_stm32f10x_hd.o


==============================================================================

Image component sizes


      Code (inc. data)   RO Data    RW Data    ZI Data      Debug   Object Name

       168         16          0          4          0        917   bsp_beep.o
       488         18          0          0          0       1950   bsp_generaltim.o
       364         34          0          0          0       1470   bsp_motor.o
      1196         40       2660          0       1024       4568   bsp_oled.o
       312         26          0          4          0      17295   bsp_systick.o
      1324        202          0         50          0       4543   control.o
         0          0          0          0          0       4508   core_cm3.o
        84          4          0         20          0       1318   main.o
       220         22          0          0          0       1821   misc.o
      1264         88          0         64          9       4337   pstwo.o
       308         52          0          0          0        733   show.o
        36          8        304          0       1024        868   startup_stm32f10x_hd.o
       860         38          0          0          0       5753   stm32f10x_gpio.o
        32          0          0          0          0       1294   stm32f10x_it.o
       932         36          0         20          0       8940   stm32f10x_rcc.o
      3610         88          0          0          0      22864   stm32f10x_tim.o
       480         38          0         20          0     244239   system_stm32f10x.o

    ----------------------------------------------------------------------
     11680        710       2996        184       2060     327418   Object Totals
         0          0         32          0          0          0   (incl. Generated)
         2          0          0          2          3          0   (incl. Padding)

    ----------------------------------------------------------------------

      Code (inc. data)   RO Data    RW Data    ZI Data      Debug   Library Member Name

        68         10          0          0          0        408   dunder.o
        40          0          0          0          0         68   fpclassify.o
       170          0          0          0          0         96   poly.o
      2520        190        136          0          0        324   pow.o
         0          0          8          0          0          0   qnan.o
       904         76        200          0          0        140   rred.o
        76          0          0          0          0         84   sqrt.o
       100         10          0          0          0         96   tan.o
       636         50         96          0          0        168   tan_i.o
         0          0          0          0          0          0   entry.o
         0          0          0          0          0          0   entry10a.o
         0          0          0          0          0          0   entry11a.o
         8          4          0          0          0          0   entry2.o
         4          0          0          0          0          0   entry5.o
         0          0          0          0          0          0   entry7b.o
         0          0          0          0          0          0   entry8b.o
         8          4          0          0          0          0   entry9a.o
        12          6          0          4          0         68   errno.o
        30          0          0          0          0          0   handlers.o
        36          8          0          0          0         68   init.o
         0          0          0          0          0          0   iusefp.o
        30          0          0          0          0         68   llshl.o
        36          0          0          0          0         68   llsshr.o
        32          0          0          0          0         68   llushr.o
        36          0          0          0          0        108   memseta.o
        48          0          0          0          0         68   cdrcmple.o
        20          0          0          0          0         68   cfcmple.o
        20          0          0          0          0         68   cfrcmple.o
        56          0          0          0          0         88   d2f.o
       334          0          0          0          0        148   dadd.o
       222          0          0          0          0        100   ddiv.o
       186          0          0          0          0        176   depilogue.o
        62          0          0          0          0         80   dfixi.o
        34          0          0          0          0         76   dflti.o
        26          0          0          0          0         76   dfltui.o
       228          0          0          0          0         96   dmul.o
        46          0          0          0          0         80   dscalb.o
       162          0          0          0          0        100   dsqrt.o
        38          0          0          0          0         68   f2d.o
       176          0          0          0          0        140   fadd.o
       124          0          0          0          0         88   fdiv.o
       110          0          0          0          0        168   fepilogue.o
        50          0          0          0          0         68   ffixi.o
        40          0          0          0          0         68   ffixui.o
        18          0          0          0          0         68   fflti.o
       100          0          0          0          0         76   fmul.o

    ----------------------------------------------------------------------
      6852        358        440          4          0       3800   Library Totals
         6          0          0          0          0          0   (incl. Padding)

    ----------------------------------------------------------------------

      Code (inc. data)   RO Data    RW Data    ZI Data      Debug   Library Name

      4514        336        440          0          0       1384   m_ws.l
       232         22          0          4          0        448   mc_w.l
      2100          0          0          0          0       1968   mf_w.l

    ----------------------------------------------------------------------
      6852        358        440          4          0       3800   Library Totals

    ----------------------------------------------------------------------

==============================================================================


      Code (inc. data)   RO Data    RW Data    ZI Data      Debug   

     18532       1068       3436        188       2060     328094   Grand Totals
     18532       1068       3436        188       2060     328094   ELF Image Totals
     18532       1068       3436        188          0          0   ROM Totals

==============================================================================

    Total RO  Size (Code + RO Data)                21968 (  21.45kB)
    Total RW  Size (RW Data + ZI Data)              2248 (   2.20kB)
    Total ROM Size (Code + RO Data + RW Data)      22156 (  21.64kB)

==============================================================================

